Archive member included because of file (symbol)

../newlib/build/lib/arm-frosted/lib/libc.a(lib_a-atoi.o)
                              fresh.o (atoi)
../newlib/build/lib/arm-frosted/lib/libc.a(lib_a-environ.o)
                              fresh.o (environ)
../newlib/build/lib/arm-frosted/lib/libc.a(lib_a-exit.o)
                              fresh.o (exit)
../newlib/build/lib/arm-frosted/lib/libc.a(lib_a-fprintf.o)
                              binutils.o (fprintf)
../newlib/build/lib/arm-frosted/lib/libc.a(lib_a-getenv.o)
                              fresh.o (getenv)
../newlib/build/lib/arm-frosted/lib/libc.a(lib_a-getenv_r.o)
                              ../newlib/build/lib/arm-frosted/lib/libc.a(lib_a-getenv.o) (_findenv_r)
../newlib/build/lib/arm-frosted/lib/libc.a(lib_a-getopt.o)
                              binutils.o (optarg)
../newlib/build/lib/arm-frosted/lib/libc.a(lib_a-impure.o)
                              ../newlib/build/lib/arm-frosted/lib/libc.a(lib_a-exit.o) (_global_impure_ptr)
../newlib/build/lib/arm-frosted/lib/libc.a(lib_a-locale.o)
                              binutils.o (setlocale)
../newlib/build/lib/arm-frosted/lib/libc.a(lib_a-malloc.o)
                              init_bflt.o (malloc)
../newlib/build/lib/arm-frosted/lib/libc.a(lib_a-mallocr.o)
                              ../newlib/build/lib/arm-frosted/lib/libc.a(lib_a-malloc.o) (_malloc_r)
../newlib/build/lib/arm-frosted/lib/libc.a(lib_a-memcmp.o)
                              ../newlib/build/lib/arm-frosted/lib/libc.a(lib_a-getopt.o) (memcmp)
../newlib/build/lib/arm-frosted/lib/libc.a(lib_a-memcpy-stub.o)
                              binutils.o (memcpy)
../newlib/build/lib/arm-frosted/lib/libc.a(lib_a-memset.o)
                              fresh.o (memset)
../newlib/build/lib/arm-frosted/lib/libc.a(lib_a-mlock.o)
                              ../newlib/build/lib/arm-frosted/lib/libc.a(lib_a-mallocr.o) (__malloc_lock)
../newlib/build/lib/arm-frosted/lib/libc.a(lib_a-nano-vfprintf.o)
                              ../newlib/build/lib/arm-frosted/lib/libc.a(lib_a-fprintf.o) (_vfprintf_r)
../newlib/build/lib/arm-frosted/lib/libc.a(lib_a-printf.o)
                              init_bflt.o (printf)
../newlib/build/lib/arm-frosted/lib/libc.a(lib_a-sbrkr.o)
                              ../newlib/build/lib/arm-frosted/lib/libc.a(lib_a-mallocr.o) (_sbrk_r)
../newlib/build/lib/arm-frosted/lib/libc.a(lib_a-setenv.o)
                              fresh.o (setenv)
../newlib/build/lib/arm-frosted/lib/libc.a(lib_a-setenv_r.o)
                              ../newlib/build/lib/arm-frosted/lib/libc.a(lib_a-setenv.o) (_setenv_r)
../newlib/build/lib/arm-frosted/lib/libc.a(lib_a-signal.o)
                              fresh.o (signal)
../newlib/build/lib/arm-frosted/lib/libc.a(lib_a-signalr.o)
                              ../newlib/build/lib/arm-frosted/lib/libc.a(lib_a-signal.o) (_kill_r)
../newlib/build/lib/arm-frosted/lib/libc.a(lib_a-snprintf.o)
                              binutils.o (snprintf)
../newlib/build/lib/arm-frosted/lib/libc.a(lib_a-strchr.o)
                              ../newlib/build/lib/arm-frosted/lib/libc.a(lib_a-getopt.o) (strchr)
../newlib/build/lib/arm-frosted/lib/libc.a(lib_a-strcmp.o)
                              fresh.o (strcmp)
../newlib/build/lib/arm-frosted/lib/libc.a(lib_a-strcpy.o)
                              fresh.o (strcpy)
../newlib/build/lib/arm-frosted/lib/libc.a(lib_a-strlen.o)
                              init_bflt.o (strlen)
../newlib/build/lib/arm-frosted/lib/libc.a(lib_a-strncat.o)
                              binutils.o (strncat)
../newlib/build/lib/arm-frosted/lib/libc.a(lib_a-strncmp.o)
                              ../newlib/build/lib/arm-frosted/lib/libc.a(lib_a-getenv_r.o) (strncmp)
../newlib/build/lib/arm-frosted/lib/libc.a(lib_a-strncpy.o)
                              fresh.o (strncpy)
../newlib/build/lib/arm-frosted/lib/libc.a(lib_a-strtok.o)
                              fresh.o (strtok)
../newlib/build/lib/arm-frosted/lib/libc.a(lib_a-strtok_r.o)
                              ../newlib/build/lib/arm-frosted/lib/libc.a(lib_a-strtok.o) (__strtok_r)
../newlib/build/lib/arm-frosted/lib/libc.a(lib_a-strtol.o)
                              ../newlib/build/lib/arm-frosted/lib/libc.a(lib_a-atoi.o) (_strtol_r)
../newlib/build/lib/arm-frosted/lib/libc.a(lib_a-tolower.o)
                              binutils.o (tolower)
../newlib/build/lib/arm-frosted/lib/libc.a(lib_a-wbuf.o)
                              ../newlib/build/lib/arm-frosted/lib/libc.a(lib_a-nano-vfprintf.o) (__swbuf_r)
../newlib/build/lib/arm-frosted/lib/libc.a(lib_a-wsetup.o)
                              ../newlib/build/lib/arm-frosted/lib/libc.a(lib_a-nano-vfprintf.o) (__swsetup_r)
../newlib/build/lib/arm-frosted/lib/libc.a(lib_a-__call_atexit.o)
                              ../newlib/build/lib/arm-frosted/lib/libc.a(lib_a-exit.o) (__call_exitprocs)
../newlib/build/lib/arm-frosted/lib/libc.a(lib_a-ctype_.o)
[...]
Memory Configuration

Name             Origin             Length             Attributes
flatmem          0x00000000         0x0fffffff
*default*        0x00000000         0xffffffff

Linker script and memory map

LOAD init_bflt.o
LOAD fresh.o
LOAD binutils.o
LOAD stubs.o
START GROUP
LOAD ../newlib/build/lib/arm-frosted/lib/libc.a
LOAD ../newlib/build/lib/arm-frosted/lib/libg.a
LOAD ../newlib/build/lib/arm-frosted/lib/libgloss.a
LOAD ../newlib/build/lib/arm-frosted/lib/libm.a
END GROUP
START GROUP
LOAD /opt/toolchains/gcc-arm/bin/../lib/gcc/arm-none-eabi/4.9.3/armv7-m/libgcc.a
LOAD /opt/toolchains/gcc-arm/bin/../lib/gcc/arm-none-eabi/4.9.3/../../../../arm-none-eabi/lib/armv7-m/libg_nano.a
LOAD /opt/toolchains/gcc-arm/bin/../lib/gcc/arm-none-eabi/4.9.3/../../../../arm-none-eabi/lib/armv7-m/libc_nano.a
END GROUP
START GROUP
LOAD /opt/toolchains/gcc-arm/bin/../lib/gcc/arm-none-eabi/4.9.3/armv7-m/libgcc.a
LOAD /opt/toolchains/gcc-arm/bin/../lib/gcc/arm-none-eabi/4.9.3/../../../../arm-none-eabi/lib/armv7-m/libc_nano.a
END GROUP

.text           0x00000000     0x7f60
                0x00000004                . = (. + 0x4)
 *fill*         0x00000000        0x4 
                0x00000004                . = ALIGN (0x4)
                0x00000004                _stext = .
 *(.text)
 .text          0x00000004        0x0 init_bflt.o
 .text          0x00000004        0x0 fresh.o
 .text          0x00000004        0x0 binutils.o
 .text          0x00000004        0x0 stubs.o
 .text          0x00000004       0x28 ../newlib/build/lib/arm-frosted/lib/libc.a(lib_a-atoi.o)
                0x00000004                atoi
                0x00000018                _atoi_r
 .text          0x0000002c        0x0 ../newlib/build/lib/arm-frosted/lib/libc.a(lib_a-environ.o)
 .text          0x0000002c       0x34 ../newlib/build/lib/arm-frosted/lib/libc.a(lib_a-exit.o)
                0x0000002c                exit
 .text          0x00000060       0x54 ../newlib/build/lib/arm-frosted/lib/libc.a(lib_a-fprintf.o)
                0x00000060                _fprintf_r
                0x00000060                _fiprintf_r
                0x00000084                fprintf
                0x00000084                fiprintf
 .text          0x000000b4       0x48 ../newlib/build/lib/arm-frosted/lib/libc.a(lib_a-getenv.o)
                0x000000b4                _findenv
                0x000000d8                getenv
 .text          0x000000fc       0xb0 ../newlib/build/lib/arm-frosted/lib/libc.a(lib_a-getenv_r.o)
                0x000000fc                _findenv_r
                0x00000194                _getenv_r
 .text          0x000001ac      0x744 ../newlib/build/lib/arm-frosted/lib/libc.a(lib_a-getopt.o)
                0x00000804                getopt
                0x00000836                getopt_long
                0x00000872                getopt_long_only
                0x000008ae                __getopt_r
                0x000008c2                __getopt_long_r
                0x000008d8                __getopt_long_only_r
 .text          0x000008f0        0x0 ../newlib/build/lib/arm-frosted/lib/libc.a(lib_a-impure.o)
 .text          0x000008f0       0xe8 ../newlib/build/lib/arm-frosted/lib/libc.a(lib_a-locale.o)
                0x000008f0                _setlocale_r
                0x0000094c                __locale_charset
                0x00000960                __locale_mb_cur_max
                0x00000970                __locale_msgcharset
                0x00000980                __locale_cjk_lang
                0x00000984                _localeconv_r
                0x00000998                setlocale
                0x000009bc                localeconv
 .text          0x000009d8       0x40 ../newlib/build/lib/arm-frosted/lib/libc.a(lib_a-malloc.o)
                0x000009d8                malloc
                0x000009f8                free
 .text          0x00000a18      0x444 ../newlib/build/lib/arm-frosted/lib/libc.a(lib_a-mallocr.o)
                0x00000a18                _malloc_r
 .text          0x00000e5c       0x20 ../newlib/build/lib/arm-frosted/lib/libc.a(lib_a-memcmp.o)
                0x00000e5c                memcmp
 .text          0x00000e7c       0x16 ../newlib/build/lib/arm-frosted/lib/libc.a(lib_a-memcpy-stub.o)
                0x00000e7c                memcpy
 .text          0x00000e92       0x10 ../newlib/build/lib/arm-frosted/lib/libc.a(lib_a-memset.o)
                0x00000e92                memset
 .text          0x00000ea2        0x4 ../newlib/build/lib/arm-frosted/lib/libc.a(lib_a-mlock.o)
                0x00000ea2                __malloc_lock
                0x00000ea4                __malloc_unlock
 *fill*         0x00000ea6        0x2 
 .text          0x00000ea8      0x34c ../newlib/build/lib/arm-frosted/lib/libc.a(lib_a-nano-vfprintf.o)
                0x00000edc                __sfputs_r
                0x00000f30                __sprint_r
                0x00000fa4                _vfiprintf_r
                0x00000fa4                _vfprintf_r
                0x000011cc                vfiprintf
                0x000011cc                vfprintf
 .text          0x000011f4       0x54 ../newlib/build/lib/arm-frosted/lib/libc.a(lib_a-printf.o)
                0x000011f4                _printf_r
                0x000011f4                _iprintf_r
                0x00001218                printf
                0x00001218                iprintf
 .text          0x00001248       0x2c ../newlib/build/lib/arm-frosted/lib/libc.a(lib_a-sbrkr.o)
                0x00001248                _sbrk_r
 .text          0x00001274       0x48 ../newlib/build/lib/arm-frosted/lib/libc.a(lib_a-setenv.o)
                0x00001274                setenv
                0x0000129c                unsetenv
 .text          0x000012bc      0x220 ../newlib/build/lib/arm-frosted/lib/libc.a(lib_a-setenv_r.o)
                0x000012bc                _setenv_r
                0x0000144c                _unsetenv_r
 .text          0x000014dc      0x1b4 ../newlib/build/lib/arm-frosted/lib/libc.a(lib_a-signal.o)
                0x000014dc                _init_signal_r
                0x00001518                _signal_r
                0x00001554                _raise_r
                0x000015b8                __sigtramp_r
                0x00001610                raise
                0x00001630                signal
                0x00001654                _init_signal
                0x00001670                __sigtramp
 .text          0x00001690       0x40 ../newlib/build/lib/arm-frosted/lib/libc.a(lib_a-signalr.o)
                0x00001690                _kill_r
                0x000016c0                _getpid_r
 .text          0x000016d0       0xd4 ../newlib/build/lib/arm-frosted/lib/libc.a(lib_a-snprintf.o)
                0x000016d0                _sniprintf_r
                0x000016d0                _snprintf_r
                0x00001734                snprintf
                0x00001734                sniprintf
 .text          0x000017a4       0x1c ../newlib/build/lib/arm-frosted/lib/libc.a(lib_a-strchr.o)
                0x000017a4                strchr
 .text          0x000017c0       0x14 ../newlib/build/lib/arm-frosted/lib/libc.a(lib_a-strcmp.o)
                0x000017c0                strcmp
 .text          0x000017d4       0x10 ../newlib/build/lib/arm-frosted/lib/libc.a(lib_a-strcpy.o)
                0x000017d4                strcpy
 .text          0x000017e4       0x10 ../newlib/build/lib/arm-frosted/lib/libc.a(lib_a-strlen.o)
                0x000017e4                strlen
 .text          0x000017f4       0x28 ../newlib/build/lib/arm-frosted/lib/libc.a(lib_a-strncat.o)
                0x000017f4                strncat
 .text          0x0000181c       0x32 ../newlib/build/lib/arm-frosted/lib/libc.a(lib_a-strncmp.o)
                0x0000181c                strncmp
 .text          0x0000184e       0x24 ../newlib/build/lib/arm-frosted/lib/libc.a(lib_a-strncpy.o)
                0x0000184e                strncpy
 *fill*         0x00001872        0x2 
 .text          0x00001874       0x20 ../newlib/build/lib/arm-frosted/lib/libc.a(lib_a-strtok.o)
                0x00001874                strtok
 .text          0x00001894       0x68 ../newlib/build/lib/arm-frosted/lib/libc.a(lib_a-strtok_r.o)
                0x00001894                __strtok_r
                0x000018ea                strtok_r
 .text          0x000018fc      0x138 ../newlib/build/lib/arm-frosted/lib/libc.a(lib_a-strtol.o)
                0x000018fc                _strtol_r
                0x00001a0c                strtol
 .text          0x00001a34       0x1c ../newlib/build/lib/arm-frosted/lib/libc.a(lib_a-tolower.o)
                0x00001a34                tolower
 .text          0x00001a50       0xd4 ../newlib/build/lib/arm-frosted/lib/libc.a(lib_a-wbuf.o)
                0x00001a50                __swbuf_r
                0x00001b00                __swbuf
 .text          0x00001b24       0xc8 ../newlib/build/lib/arm-frosted/lib/libc.a(lib_a-wsetup.o)
                0x00001b24                __swsetup_r
 .text          0x00001bec       0xc0 ../newlib/build/lib/arm-frosted/lib/libc.a(lib_a-__call_atexit.o)
                0x00001bec                __call_exitprocs
 .text          0x00001cac        0x0 ../newlib/build/lib/arm-frosted/lib/libc.a(lib_a-ctype_.o)
 .text          0x00001cac        0x4 ../newlib/build/lib/arm-frosted/lib/libc.a(lib_a-envlock.o)
                0x00001cac                __env_lock
                0x00001cae                __env_unlock
 .text          0x00001cb0       0x10 ../newlib/build/lib/arm-frosted/lib/libc.a(lib_a-errno.o)
                0x00001cb0                __errno
 .text          0x00001cc0      0x18c ../newlib/build/lib/arm-frosted/lib/libc.a(lib_a-fflush.o)
                0x00001cc0                __sflush_r
                0x00001de0                _fflush_r
                0x00001e10                fflush
 .text          0x00001e4c      0x278 ../newlib/build/lib/arm-frosted/lib/libc.a(lib_a-findfp.o)
                0x00001e54                _cleanup_r
                0x00001ed8                __sfmoreglue
                0x00001f14                _cleanup
                0x00001f30                __sfp_lock_acquire
                0x00001f32                __sfp_lock_release
                0x00001f34                __sinit_lock_acquire
                0x00001f36                __sinit_lock_release
                0x00001f38                __sinit
                0x00001f98                __sfp
                0x0000204c                __fp_lock_all
                0x00002088                __fp_unlock_all
 .text          0x000020c4       0x54 ../newlib/build/lib/arm-frosted/lib/libc.a(lib_a-fputc.o)
                0x000020c4                _fputc_r
                0x000020f4                fputc
 .text          0x00002118       0x88 ../newlib/build/lib/arm-frosted/lib/libc.a(lib_a-fputs.o)
                0x00002118                _fputs_r
                0x0000217c                fputs
 .text          0x000021a0      0x118 ../newlib/build/lib/arm-frosted/lib/libc.a(lib_a-fputwc.o)
                0x000021a0                __fputwc
                0x00002254                _fputwc_r
                0x0000227c                fputwc
 .text          0x000022b8      0x258 ../newlib/build/lib/arm-frosted/lib/libc.a(lib_a-freer.o)
                0x000022b8                _malloc_trim_r
                0x0000237c                _free_r
 .text          0x00002510      0x314 ../newlib/build/lib/arm-frosted/lib/libc.a(lib_a-fvwrite.o)
                0x00002510                __sfvwrite_r
 .text          0x00002824       0x74 ../newlib/build/lib/arm-frosted/lib/libc.a(lib_a-fwalk.o)
                0x00002824                _fwalk
                0x0000285c                _fwalk_reent
 .text          0x00002898       0xe8 ../newlib/build/lib/arm-frosted/lib/libc.a(lib_a-makebuf.o)
                0x00002898                __smakebuf_r
 .text          0x00002980       0x1c ../newlib/build/lib/arm-frosted/lib/libc.a(lib_a-memchr-stub.o)
                0x00002980                memchr
 .text          0x0000299c       0x36 ../newlib/build/lib/arm-frosted/lib/libc.a(lib_a-memmove.o)
                0x0000299c                memmove
 *fill*         0x000029d2        0x2 
 .text          0x000029d4      0x42c ../newlib/build/lib/arm-frosted/lib/libc.a(lib_a-nano-svfprintf.o)
                0x000029d4                __ssputs_r
                0x00002ab0                __ssprint_r
                0x00002be8                _svfprintf_r
                0x00002be8                _svfiprintf_r
 .text          0x00002e00      0x33c ../newlib/build/lib/arm-frosted/lib/libc.a(lib_a-nano-vfprintf_i.o)
                0x00002e00                _printf_common
                0x00002eda                _printf_i
 .text          0x0000313c       0x80 ../newlib/build/lib/arm-frosted/lib/libc.a(lib_a-putc.o)
                0x0000313c                _putc_r
                0x00003198                putc
 .text          0x000031bc      0x3a0 ../newlib/build/lib/arm-frosted/lib/libc.a(lib_a-reallocr.o)
                0x000031bc                _realloc_r
 .text          0x0000355c       0xcc ../newlib/build/lib/arm-frosted/lib/libc.a(lib_a-reent.o)
                0x0000355c                cleanup_glue
                0x00003584                _reclaim_reent
 .text          0x00003628       0xb8 ../newlib/build/lib/arm-frosted/lib/libc.a(lib_a-stdio.o)
                0x00003628                __sread
                0x00003654                __seofread
                0x00003658                __swrite
                0x000036a0                __sseek
                0x000036cc                __sclose
 .text          0x000036e0       0x7c ../newlib/build/lib/arm-frosted/lib/libc.a(lib_a-wcrtomb.o)
                0x000036e0                _wcrtomb_r
                0x00003734                wcrtomb
 .text          0x0000375c       0x54 ../newlib/build/lib/arm-frosted/lib/libc.a(lib_a-wctomb_r.o)
                0x0000375c                __ascii_wctomb
                0x00003776                _wctomb_r
 .text          0x000037b0       0x30 ../newlib/build/lib/arm-frosted/lib/libc.a(lib_a-writer.o)
                0x000037b0                _write_r
 .text          0x000037e0       0x2c ../newlib/build/lib/arm-frosted/lib/libc.a(lib_a-closer.o)
                0x000037e0                _close_r
 .text          0x0000380c       0xcc ../newlib/build/lib/arm-frosted/lib/libc.a(lib_a-fclose.o)
                0x0000380c                _fclose_r
                0x000038b8                fclose
 .text          0x000038d8       0x30 ../newlib/build/lib/arm-frosted/lib/libc.a(lib_a-fstatr.o)
                0x000038d8                _fstat_r
 .text          0x00003908       0x2c ../newlib/build/lib/arm-frosted/lib/libc.a(lib_a-isattyr.o)
                0x00003908                _isatty_r
 .text          0x00003934       0x30 ../newlib/build/lib/arm-frosted/lib/libc.a(lib_a-lseekr.o)
                0x00003934                _lseek_r
 .text          0x00003964       0x30 ../newlib/build/lib/arm-frosted/lib/libc.a(lib_a-readr.o)
                0x00003964                _read_r
 .text          0x00003994       0x10 ../newlib/build/lib/arm-frosted/lib/libgloss.a(chdir.o)
                0x00003994                chdir
 .text          0x000039a4       0x10 ../newlib/build/lib/arm-frosted/lib/libgloss.a(close.o)
                0x000039a4                close
 .text          0x000039b4       0x10 ../newlib/build/lib/arm-frosted/lib/libgloss.a(closedir.o)
                0x000039b4                closedir
 .text          0x000039c4       0x1c ../newlib/build/lib/arm-frosted/lib/libgloss.a(crt0.o)
                0x000039c4                _start
 .text          0x000039e0       0x10 ../newlib/build/lib/arm-frosted/lib/libgloss.a(dup2.o)
                0x000039e0                dup2
 .text          0x000039f0       0x10 ../newlib/build/lib/arm-frosted/lib/libgloss.a(dup.o)
                0x000039f0                dup
 .text          0x00003a00       0x50 ../newlib/build/lib/arm-frosted/lib/libgloss.a(exec.o)
                0x00003a00                exec
                0x00003a10                execve
                0x00003a20                execvp
                0x00003a30                execv
                0x00003a40                execb
 .text          0x00003a50       0x10 ../newlib/build/lib/arm-frosted/lib/libgloss.a(exit.o)
                0x00003a50                _exit
 .text          0x00003a60       0x10 ../newlib/build/lib/arm-frosted/lib/libgloss.a(getcwd.o)
                0x00003a60                getcwd
 .text          0x00003a70       0x10 ../newlib/build/lib/arm-frosted/lib/libgloss.a(getpid.o)
                0x00003a70                getpid
 .text          0x00003a80       0x10 ../newlib/build/lib/arm-frosted/lib/libgloss.a(getppid.o)
                0x00003a80                getppid
 .text          0x00003a90       0x10 ../newlib/build/lib/arm-frosted/lib/libgloss.a(isatty.o)
                0x00003a90                isatty
 .text          0x00003aa0       0x10 ../newlib/build/lib/arm-frosted/lib/libgloss.a(kill.o)
                0x00003aa0                kill
 .text          0x00003ab0       0x10 ../newlib/build/lib/arm-frosted/lib/libgloss.a(link.o)
                0x00003ab0                link
 .text          0x00003ac0       0x10 ../newlib/build/lib/arm-frosted/lib/libgloss.a(mkdir.o)
                0x00003ac0                mkdir
 .text          0x00003ad0       0x10 ../newlib/build/lib/arm-frosted/lib/libgloss.a(open.o)
                0x00003ad0                open
 .text          0x00003ae0       0x10 ../newlib/build/lib/arm-frosted/lib/libgloss.a(opendir.o)
                0x00003ae0                opendir
 .text          0x00003af0       0x24 ../newlib/build/lib/arm-frosted/lib/libgloss.a(pipe.o)
                0x00003af0                pipe2
                0x00003b00                pipe
 .text          0x00003b14       0x10 ../newlib/build/lib/arm-frosted/lib/libgloss.a(read.o)
                0x00003b14                read
 .text          0x00003b24       0x10 ../newlib/build/lib/arm-frosted/lib/libgloss.a(readdir.o)
                0x00003b24                readdir
 .text          0x00003b34       0x10 ../newlib/build/lib/arm-frosted/lib/libgloss.a(sleep.o)
                0x00003b34                sleep
 .text          0x00003b44       0x10 ../newlib/build/lib/arm-frosted/lib/libgloss.a(socket.o)
                0x00003b44                socket
 .text          0x00003b54       0x20 ../newlib/build/lib/arm-frosted/lib/libgloss.a(stat.o)
                0x00003b54                stat
                0x00003b64                lstat
 .text          0x00003b74      0x140 ../newlib/build/lib/arm-frosted/lib/libgloss.a(syscalls.o)
                0x00003b74                _close
                0x00003b84                _execve
                0x00003b94                _fork
                0x00003ba4                _fstat
                0x00003bb4                _getpid
                0x00003bc4                _isatty
                0x00003bd4                _kill
                0x00003be4                _link
                0x00003bf4                _lseek
                0x00003c04                _open
                0x00003c14                _read
                0x00003c24                _sbrk
                0x00003c28                _stat
                0x00003c38                _times
                0x00003c3c                _unlink
                0x00003c4c                _wait
                0x00003c5c                _write
                0x00003c6c                _realloc
                0x00003c7c                _calloc
                0x00003c8c                _malloc
                0x00003c9c                _free
                0x00003cac                _gettimeofday
 .text          0x00003cb4      0x8a4 ../newlib/build/lib/arm-frosted/lib/libgloss.a(syscall_table.o)
                0x00003cb4                sys_setclock
                0x00003cd4                sys_sleep
                0x00003cf4                sys_suspend
                0x00003d14                sys_thread_create
                0x00003d38                sys_thread_join
                0x00003d58                sys_test
                0x00003d80                sys_getpid
                0x00003da0                sys_getppid
                0x00003dc0                sys_open
                0x00003de4                sys_close
                0x00003e04                sys_read
                0x00003e28                sys_write
                0x00003e4c                sys_seek
                0x00003e70                sys_mkdir
                0x00003e90                sys_unlink
                0x00003eb0                sys_gettimeofday
                0x00003ed0                sys_malloc
                0x00003ef0                sys_free
                0x00003f10                sys_calloc
                0x00003f30                sys_realloc
                0x00003f50                sys_opendir
                0x00003f70                sys_readdir
                0x00003f90                sys_closedir
                0x00003fb0                sys_stat
                0x00003fd0                sys_poll
                0x00003ff4                sys_ioctl
                0x00004018                sys_link
                0x00004038                sys_chdir
                0x00004058                sys_getcwd
                0x00004078                sys_sem_init
                0x00004098                sys_sem_post
                0x000040b8                sys_sem_wait
                0x000040d8                sys_sem_destroy
                0x000040f8                sys_mutex_init
                0x00004118                sys_mutex_unlock
                0x00004138                sys_mutex_lock
                0x00004158                sys_mutex_destroy
                0x00004178                sys_socket
                0x0000419c                sys_bind
                0x000041bc                sys_accept
                0x000041dc                sys_connect
                0x000041fc                sys_listen
                0x0000421c                sys_sendto
                0x00004244                sys_recvfrom
                0x0000426c                sys_setsockopt
                0x00004294                sys_getsockopt
                0x000042bc                sys_shutdown
                0x000042dc                sys_dup
                0x000042fc                sys_dup2
                0x0000431c                sys_mount
                0x00004344                sys_umount
                0x00004364                sys_kill
                0x00004384                sys_isatty
                0x000043a4                sys_exec
                0x000043c4                sys_execb
                0x000043e4                sys_ttyname_r
                0x00004408                sys_exit
                0x00004428                sys_tcsetattr
                0x0000444c                sys_tcgetattr
                0x0000446c                sys_tcsendbreak
                0x0000448c                sys_pipe2
                0x000044ac                sys_sigaction
                0x000044d0                sys_sigprocmask
                0x000044f4                sys_sigsuspend
                0x00004514                sys_vfork
                0x00004534                sys_waitpid
 .text          0x00004558       0x10 ../newlib/build/lib/arm-frosted/lib/libgloss.a(tcgetattr.o)
                0x00004558                tcgetattr
 .text          0x00004568       0x10 ../newlib/build/lib/arm-frosted/lib/libgloss.a(unlink.o)
                0x00004568                unlink
 .text          0x00004578       0x28 ../newlib/build/lib/arm-frosted/lib/libgloss.a(vfork.o)
                0x00004578                vfork
 .text          0x000045a0       0x28 ../newlib/build/lib/arm-frosted/lib/libgloss.a(wait.o)
                0x000045a0                wait
 .text          0x000045c8       0x10 ../newlib/build/lib/arm-frosted/lib/libgloss.a(waitpid.o)
                0x000045c8                waitpid
 .text          0x000045d8       0x10 ../newlib/build/lib/arm-frosted/lib/libgloss.a(write.o)
                0x000045d8                write
 .text          0x000045e8       0x14 ../newlib/build/lib/arm-frosted/lib/libgloss.a(fork.o)
                0x000045e8                fork
 .text          0x000045fc       0x14 ../newlib/build/lib/arm-frosted/lib/libgloss.a(fstat.o)
                0x000045fc                fstat
 .text          0x00004610       0x10 ../newlib/build/lib/arm-frosted/lib/libgloss.a(lseek.o)
                0x00004610                lseek
 .text          0x00004620       0x34 ../newlib/build/lib/arm-frosted/lib/libgloss.a(syscall.o)
                0x00004620                syscall
 .text          0x00004654       0x10 ../newlib/build/lib/arm-frosted/lib/libgloss.a(svc.o)
                0x00004654                _syscall
 .text          0x00004664       0x24 ../newlib/build/lib/arm-frosted/lib/libc.a(lib_a-calloc.o)
                0x00004664                calloc
 .text          0x00004688       0x6c ../newlib/build/lib/arm-frosted/lib/libc.a(lib_a-callocr.o)
                0x00004688                _calloc_r
 .text          0x000046f4       0x24 ../newlib/build/lib/arm-frosted/lib/libc.a(lib_a-realloc.o)
                0x000046f4                realloc
 .text          0x00004718        0x0 /opt/toolchains/gcc-arm/bin/../lib/gcc/arm-none-eabi/4.9.3/../../../../arm-none-eabi/lib/armv7-m/libg_nano.a(lib_a-sysgettod.o)
 .text          0x00004718        0x0 /opt/toolchains/gcc-arm/bin/../lib/gcc/arm-none-eabi/4.9.3/../../../../arm-none-eabi/lib/armv7-m/libg_nano.a(lib_a-gettimeofdayr.o)
 *(.text.*)
 .text.task2    0x00004718      0x1f0 init_bflt.o
                0x00004718                task2
 .text.idling   0x00004908      0x12c init_bflt.o
                0x00004908                idling
 .text.main     0x00004a34      0x138 init_bflt.o
                0x00004a34                main
 .text.exec_binutils
                0x00004b6c       0x24 fresh.o
 .text.find_binutils
                0x00004b90       0x4c fresh.o
 .text.try_binutils
                0x00004bdc       0x74 fresh.o
 .text.shell_init
                0x00004c50      0x1e8 fresh.o
                0x00004c50                shell_init
 .text.welcomeScreen
                0x00004e38       0x84 fresh.o
                0x00004e38                welcomeScreen
 .text.signalHandler_child
                0x00004ebc       0x44 fresh.o
                0x00004ebc                signalHandler_child
 .text.signalHandler_int
                0x00004f00       0x78 fresh.o
                0x00004f00                signalHandler_int
 .text.shellPrompt
                0x00004f78       0x68 fresh.o
                0x00004f78                shellPrompt
 .text.changeDirectory
                0x00004fe0       0x88 fresh.o
                0x00004fe0                changeDirectory
 .text.manageEnviron
                0x00005068       0x18 fresh.o
                0x00005068                manageEnviron
 .text.launchProg
                0x00005080      0x194 fresh.o
                0x00005080                launchProg
 .text.fileIO   0x00005214      0x1f4 fresh.o
                0x00005214                fileIO
 .text.pipeHandler
                0x00005408      0x334 fresh.o
                0x00005408                pipeHandler
 .text.commandHandler
                0x0000573c      0x5a8 fresh.o
                0x0000573c                commandHandler
 .text.readline
                0x00005ce4      0x330 fresh.o
                0x00005ce4                readline
 .text.fresh    0x00006014      0x170 fresh.o
                0x00006014                fresh
 .text.nargs    0x00006184       0x30 binutils.o
                0x00006184                nargs
 .text.inputline
                0x000061b4      0x1c8 binutils.o
                0x000061b4                inputline
 .text.parse_interval
                0x0000637c       0xc4 binutils.o
                0x0000637c                parse_interval
 .text.bin_ls   0x00006440      0x1e4 binutils.o
                0x00006440                bin_ls
 .text.bin_ln   0x00006624       0x64 binutils.o
                0x00006624                bin_ln
 .text.bin_rm   0x00006688       0x5c binutils.o
                0x00006688                bin_rm
 .text.bin_mkdir
                0x000066e4       0x60 binutils.o
                0x000066e4                bin_mkdir
 .text.bin_touch
                0x00006744       0x74 binutils.o
                0x00006744                bin_touch
 .text.bin_echo
                0x000067b8       0x88 binutils.o
                0x000067b8                bin_echo
 .text.bin_cat  0x00006840       0xc8 binutils.o
                0x00006840                bin_cat
 .text.rand     0x00006908       0x54 binutils.o
                0x00006908                rand
 .text.roll     0x0000695c       0x74 binutils.o
                0x0000695c                roll
 .text.bin_dice
                0x000069d0      0x1d4 binutils.o
                0x000069d0                bin_dice
 .text.bin_random
                0x00006ba4       0x48 binutils.o
                0x00006ba4                bin_random
 .text.bin_dirname
                0x00006bec      0x1f0 binutils.o
                0x00006bec                bin_dirname
 .text.bin_tee  0x00006ddc      0x3a0 binutils.o
                0x00006ddc                bin_tee
 .text.bin_true
                0x0000717c       0x20 binutils.o
                0x0000717c                bin_true
 .text.bin_false
                0x0000719c       0x20 binutils.o
                0x0000719c                bin_false
 .text.bin_arch
                0x000071bc       0x44 binutils.o
                0x000071bc                bin_arch
 .text.bin_wc   0x00007200      0x138 binutils.o
                0x00007200                bin_wc
 .text.bin_cut  0x00007338      0x4b4 binutils.o
                0x00007338                bin_cut
 .text.dits     0x000077ec       0x60 binutils.o
                0x000077ec                dits
 .text.dahs     0x0000784c       0x60 binutils.o
                0x0000784c                dahs
 .text.bin_morse
                0x000078ac      0x5f8 binutils.o
                0x000078ac                bin_morse
 .text.setpgid  0x00007ea4       0x28 stubs.o
                0x00007ea4                setpgid
 .text.tcgetpgrp
                0x00007ecc       0x20 stubs.o
                0x00007ecc                tcgetpgrp
 .text.tcsetpgrp
                0x00007eec       0x18 stubs.o
                0x00007eec                tcsetpgrp
 .text.getpgrp  0x00007f04       0x18 stubs.o
                0x00007f04                getpgrp
 .text.gettimeofday
                0x00007f1c       0x14 /opt/toolchains/gcc-arm/bin/../lib/gcc/arm-none-eabi/4.9.3/../../../../arm-none-eabi/lib/armv7-m/libg_nano.a(lib_a-sysgettod.o)
                0x00007f1c                gettimeofday
 .text._gettimeofday_r
                0x00007f30       0x24 /opt/toolchains/gcc-arm/bin/../lib/gcc/arm-none-eabi/4.9.3/../../../../arm-none-eabi/lib/armv7-m/libg_nano.a(lib_a-gettimeofdayr.o)
                0x00007f30                _gettimeofday_r
 *(.gnu.warning)
 *(.stub)
 *(.gnu.linkonce.t*)
 *(.glue_7t)
 .glue_7t       0x00000000        0x0 linker stubs
 *(.glue_7)
 .glue_7        0x00000000        0x0 linker stubs
 *(.jcr)
 *(.init)
 *(.fini)
                0x00007f54                . = ALIGN (0x4)
                0x00007f54                PROVIDE (__ctbp, .)
 *(.call_table_data)
 *(.call_table_text)
                0x00007f60                . = ALIGN (0x20)
 *fill*         0x00007f54        0xc 
                0x00007f60                _etext = .

.vfp11_veneer   0x00007f60        0x0
 .vfp11_veneer  0x00000000        0x0 linker stubs

.v4_bx          0x00007f60        0x0
 .v4_bx         0x00000000        0x0 linker stubs

.iplt           0x00007f60        0x0
 .iplt          0x00000000        0x0 init_bflt.o

.data           0x00007f60     0x1af8
                0x00007f60                . = ALIGN (0x4)
                0x00007f60                _sdata = .
                0x00007f60                __data_start = .
                0x00007f60                data_start = .
 *(.got.plt)
 .got.plt       0x00007f60        0xc init_bflt.o
                0x00007f60                _GLOBAL_OFFSET_TABLE_
 *(.got)
 .got           0x00007f6c      0x5b0 init_bflt.o
 FILL mask 0x00000000
                0x00008520                . = ALIGN (0x20)
 *fill*         0x0000851c        0x4 00000000
                0x00008520        0x4 LONG 0xffffffff
                0x00008540                . = ALIGN (0x20)
 *fill*         0x00008524       0x1c 00000000
 *(.rodata)
 .rodata        0x00008540       0x86 init_bflt.o
 *fill*         0x000085c6        0x2 
 .rodata        0x000085c8      0x319 fresh.o
 *fill*         0x000088e1        0x3 
 .rodata        0x000088e4      0x458 binutils.o
 .rodata        0x00008d3c      0x101 ../newlib/build/lib/arm-frosted/lib/libc.a(lib_a-ctype_.o)
                0x00008d3c                _ctype_
 *(.rodata1)
 *(.rodata.*)
 .rodata.str1.1
                0x00008e3d       0x81 ../newlib/build/lib/arm-frosted/lib/libc.a(lib_a-getopt.o)
                                 0x84 (size before relaxing)
 .rodata.str1.1
                0x00008ebe        0x2 ../newlib/build/lib/arm-frosted/lib/libc.a(lib_a-impure.o)
 .rodata.str1.1
                0x00008ec0        0x8 ../newlib/build/lib/arm-frosted/lib/libc.a(lib_a-locale.o)
                                  0xb (size before relaxing)
 .rodata.str1.1
                0x00008ec8       0x11 ../newlib/build/lib/arm-frosted/lib/libc.a(lib_a-nano-vfprintf.o)
 .rodata.str1.1
                0x00000000       0x11 ../newlib/build/lib/arm-frosted/lib/libc.a(lib_a-nano-svfprintf.o)
 .rodata.str1.1
                0x00008ed9       0x22 ../newlib/build/lib/arm-frosted/lib/libc.a(lib_a-nano-vfprintf_i.o)
 *(.gnu.linkonce.r*)
 *(.data)
 .data          0x00008efb        0x0 init_bflt.o
 .data          0x00008efb        0x0 fresh.o
 .data          0x00008efb        0x0 binutils.o
 .data          0x00008efb        0x0 stubs.o
 .data          0x00008efb        0x0 ../newlib/build/lib/arm-frosted/lib/libc.a(lib_a-atoi.o)
 .data          0x00008efb        0x0 ../newlib/build/lib/arm-frosted/lib/libc.a(lib_a-environ.o)
 .data          0x00008efb        0x0 ../newlib/build/lib/arm-frosted/lib/libc.a(lib_a-exit.o)
 .data          0x00008efb        0x0 ../newlib/build/lib/arm-frosted/lib/libc.a(lib_a-fprintf.o)
 .data          0x00008efb        0x0 ../newlib/build/lib/arm-frosted/lib/libc.a(lib_a-getenv.o)
 .data          0x00008efb        0x0 ../newlib/build/lib/arm-frosted/lib/libc.a(lib_a-getenv_r.o)
 *fill*         0x00008efb        0x1 
 .data          0x00008efc        0x8 ../newlib/build/lib/arm-frosted/lib/libc.a(lib_a-getopt.o)
                0x00008efc                optopt
                0x00008f00                opterr
 .data          0x00008f04        0x0 ../newlib/build/lib/arm-frosted/lib/libc.a(lib_a-impure.o)
 .data          0x00008f04       0x44 ../newlib/build/lib/arm-frosted/lib/libc.a(lib_a-locale.o)
                0x00008f44                __mb_cur_max
 .data          0x00008f48        0x0 ../newlib/build/lib/arm-frosted/lib/libc.a(lib_a-malloc.o)
 .data          0x00008f48        0x8 ../newlib/build/lib/arm-frosted/lib/libc.a(lib_a-mallocr.o)
                0x00008f48                __malloc_sbrk_base
                0x00008f4c                __malloc_trim_threshold
 .data          0x00008f50        0x0 ../newlib/build/lib/arm-frosted/lib/libc.a(lib_a-memcmp.o)
 .data          0x00008f50        0x0 ../newlib/build/lib/arm-frosted/lib/libc.a(lib_a-memcpy-stub.o)
 .data          0x00008f50        0x0 ../newlib/build/lib/arm-frosted/lib/libc.a(lib_a-memset.o)
 .data          0x00008f50        0x0 ../newlib/build/lib/arm-frosted/lib/libc.a(lib_a-mlock.o)
 .data          0x00008f50        0x0 ../newlib/build/lib/arm-frosted/lib/libc.a(lib_a-nano-vfprintf.o)
 .data          0x00008f50        0x0 ../newlib/build/lib/arm-frosted/lib/libc.a(lib_a-printf.o)
 .data          0x00008f50        0x0 ../newlib/build/lib/arm-frosted/lib/libc.a(lib_a-sbrkr.o)
 .data          0x00008f50        0x0 ../newlib/build/lib/arm-frosted/lib/libc.a(lib_a-setenv.o)
 .data          0x00008f50        0x0 ../newlib/build/lib/arm-frosted/lib/libc.a(lib_a-setenv_r.o)
 .data          0x00008f50        0x0 ../newlib/build/lib/arm-frosted/lib/libc.a(lib_a-signal.o)
 .data          0x00008f50        0x0 ../newlib/build/lib/arm-frosted/lib/libc.a(lib_a-signalr.o)
 .data          0x00008f50        0x0 ../newlib/build/lib/arm-frosted/lib/libc.a(lib_a-snprintf.o)
 .data          0x00008f50        0x0 ../newlib/build/lib/arm-frosted/lib/libc.a(lib_a-strchr.o)
 .data          0x00008f50        0x0 ../newlib/build/lib/arm-frosted/lib/libc.a(lib_a-strcmp.o)
 .data          0x00008f50        0x0 ../newlib/build/lib/arm-frosted/lib/libc.a(lib_a-strcpy.o)
 .data          0x00008f50        0x0 ../newlib/build/lib/arm-frosted/lib/libc.a(lib_a-strlen.o)
 .data          0x00008f50        0x0 ../newlib/build/lib/arm-frosted/lib/libc.a(lib_a-strncat.o)
 .data          0x00008f50        0x0 ../newlib/build/lib/arm-frosted/lib/libc.a(lib_a-strncmp.o)
 .data          0x00008f50        0x0 ../newlib/build/lib/arm-frosted/lib/libc.a(lib_a-strncpy.o)
 .data          0x00008f50        0x0 ../newlib/build/lib/arm-frosted/lib/libc.a(lib_a-strtok.o)
 .data          0x00008f50        0x0 ../newlib/build/lib/arm-frosted/lib/libc.a(lib_a-strtok_r.o)
 .data          0x00008f50        0x0 ../newlib/build/lib/arm-frosted/lib/libc.a(lib_a-strtol.o)
 .data          0x00008f50        0x0 ../newlib/build/lib/arm-frosted/lib/libc.a(lib_a-tolower.o)
 .data          0x00008f50        0x0 ../newlib/build/lib/arm-frosted/lib/libc.a(lib_a-wbuf.o)
 .data          0x00008f50        0x0 ../newlib/build/lib/arm-frosted/lib/libc.a(lib_a-wsetup.o)
 .data          0x00008f50        0x0 ../newlib/build/lib/arm-frosted/lib/libc.a(lib_a-__call_atexit.o)
 .data          0x00008f50        0x0 ../newlib/build/lib/arm-frosted/lib/libc.a(lib_a-ctype_.o)
 .data          0x00008f50        0x0 ../newlib/build/lib/arm-frosted/lib/libc.a(lib_a-envlock.o)
 .data          0x00008f50        0x0 ../newlib/build/lib/arm-frosted/lib/libc.a(lib_a-errno.o)
 .data          0x00008f50        0x0 ../newlib/build/lib/arm-frosted/lib/libc.a(lib_a-fflush.o)
 .data          0x00008f50        0x0 ../newlib/build/lib/arm-frosted/lib/libc.a(lib_a-findfp.o)
 .data          0x00008f50        0x0 ../newlib/build/lib/arm-frosted/lib/libc.a(lib_a-fputc.o)
 .data          0x00008f50        0x0 ../newlib/build/lib/arm-frosted/lib/libc.a(lib_a-fputs.o)
 .data          0x00008f50        0x0 ../newlib/build/lib/arm-frosted/lib/libc.a(lib_a-fputwc.o)
 .data          0x00008f50        0x0 ../newlib/build/lib/arm-frosted/lib/libc.a(lib_a-freer.o)
 .data          0x00008f50        0x0 ../newlib/build/lib/arm-frosted/lib/libc.a(lib_a-fvwrite.o)
 .data          0x00008f50        0x0 ../newlib/build/lib/arm-frosted/lib/libc.a(lib_a-fwalk.o)
 .data          0x00008f50        0x0 ../newlib/build/lib/arm-frosted/lib/libc.a(lib_a-makebuf.o)
 .data          0x00008f50        0x0 ../newlib/build/lib/arm-frosted/lib/libc.a(lib_a-memchr-stub.o)
 .data          0x00008f50        0x0 ../newlib/build/lib/arm-frosted/lib/libc.a(lib_a-memmove.o)
 .data          0x00008f50        0x0 ../newlib/build/lib/arm-frosted/lib/libc.a(lib_a-nano-svfprintf.o)
 .data          0x00008f50        0x0 ../newlib/build/lib/arm-frosted/lib/libc.a(lib_a-nano-vfprintf_i.o)
 .data          0x00008f50        0x0 ../newlib/build/lib/arm-frosted/lib/libc.a(lib_a-putc.o)
 .data          0x00008f50        0x0 ../newlib/build/lib/arm-frosted/lib/libc.a(lib_a-reallocr.o)
 .data          0x00008f50        0x0 ../newlib/build/lib/arm-frosted/lib/libc.a(lib_a-reent.o)
 .data          0x00008f50        0x0 ../newlib/build/lib/arm-frosted/lib/libc.a(lib_a-stdio.o)
 .data          0x00008f50        0x0 ../newlib/build/lib/arm-frosted/lib/libc.a(lib_a-wcrtomb.o)
 .data          0x00008f50        0x0 ../newlib/build/lib/arm-frosted/lib/libc.a(lib_a-wctomb_r.o)
 .data          0x00008f50        0x0 ../newlib/build/lib/arm-frosted/lib/libc.a(lib_a-writer.o)
 .data          0x00008f50        0x0 ../newlib/build/lib/arm-frosted/lib/libc.a(lib_a-closer.o)
 .data          0x00008f50        0x0 ../newlib/build/lib/arm-frosted/lib/libc.a(lib_a-fclose.o)
 .data          0x00008f50        0x0 ../newlib/build/lib/arm-frosted/lib/libc.a(lib_a-fstatr.o)
 .data          0x00008f50        0x0 ../newlib/build/lib/arm-frosted/lib/libc.a(lib_a-isattyr.o)
 .data          0x00008f50        0x0 ../newlib/build/lib/arm-frosted/lib/libc.a(lib_a-lseekr.o)
 .data          0x00008f50        0x0 ../newlib/build/lib/arm-frosted/lib/libc.a(lib_a-readr.o)
 .data          0x00008f50        0x0 ../newlib/build/lib/arm-frosted/lib/libgloss.a(chdir.o)
 .data          0x00008f50        0x0 ../newlib/build/lib/arm-frosted/lib/libgloss.a(close.o)
 .data          0x00008f50        0x0 ../newlib/build/lib/arm-frosted/lib/libgloss.a(closedir.o)
 .data          0x00008f50        0x0 ../newlib/build/lib/arm-frosted/lib/libgloss.a(crt0.o)
 .data          0x00008f50        0x0 ../newlib/build/lib/arm-frosted/lib/libgloss.a(dup2.o)
 .data          0x00008f50        0x0 ../newlib/build/lib/arm-frosted/lib/libgloss.a(dup.o)
 .data          0x00008f50        0x0 ../newlib/build/lib/arm-frosted/lib/libgloss.a(exec.o)
 .data          0x00008f50        0x0 ../newlib/build/lib/arm-frosted/lib/libgloss.a(exit.o)
 .data          0x00008f50        0x0 ../newlib/build/lib/arm-frosted/lib/libgloss.a(getcwd.o)
 .data          0x00008f50        0x0 ../newlib/build/lib/arm-frosted/lib/libgloss.a(getpid.o)
 .data          0x00008f50        0x0 ../newlib/build/lib/arm-frosted/lib/libgloss.a(getppid.o)
 .data          0x00008f50        0x0 ../newlib/build/lib/arm-frosted/lib/libgloss.a(isatty.o)
 .data          0x00008f50        0x0 ../newlib/build/lib/arm-frosted/lib/libgloss.a(kill.o)
 .data          0x00008f50        0x0 ../newlib/build/lib/arm-frosted/lib/libgloss.a(link.o)
 .data          0x00008f50        0x0 ../newlib/build/lib/arm-frosted/lib/libgloss.a(mkdir.o)
 .data          0x00008f50        0x0 ../newlib/build/lib/arm-frosted/lib/libgloss.a(open.o)
 .data          0x00008f50        0x0 ../newlib/build/lib/arm-frosted/lib/libgloss.a(opendir.o)
 .data          0x00008f50        0x0 ../newlib/build/lib/arm-frosted/lib/libgloss.a(pipe.o)
 .data          0x00008f50        0x0 ../newlib/build/lib/arm-frosted/lib/libgloss.a(read.o)
 .data          0x00008f50        0x0 ../newlib/build/lib/arm-frosted/lib/libgloss.a(readdir.o)
 .data          0x00008f50        0x0 ../newlib/build/lib/arm-frosted/lib/libgloss.a(sleep.o)
 .data          0x00008f50        0x0 ../newlib/build/lib/arm-frosted/lib/libgloss.a(socket.o)
 .data          0x00008f50        0x0 ../newlib/build/lib/arm-frosted/lib/libgloss.a(stat.o)
 .data          0x00008f50        0x0 ../newlib/build/lib/arm-frosted/lib/libgloss.a(syscalls.o)
 .data          0x00008f50        0x0 ../newlib/build/lib/arm-frosted/lib/libgloss.a(syscall_table.o)
 .data          0x00008f50        0x0 ../newlib/build/lib/arm-frosted/lib/libgloss.a(tcgetattr.o)
 .data          0x00008f50        0x0 ../newlib/build/lib/arm-frosted/lib/libgloss.a(unlink.o)
 .data          0x00008f50        0x0 ../newlib/build/lib/arm-frosted/lib/libgloss.a(vfork.o)
 .data          0x00008f50        0x0 ../newlib/build/lib/arm-frosted/lib/libgloss.a(wait.o)
 .data          0x00008f50        0x0 ../newlib/build/lib/arm-frosted/lib/libgloss.a(waitpid.o)
 .data          0x00008f50        0x0 ../newlib/build/lib/arm-frosted/lib/libgloss.a(write.o)
 .data          0x00008f50        0x0 ../newlib/build/lib/arm-frosted/lib/libgloss.a(fork.o)
 .data          0x00008f50        0x0 ../newlib/build/lib/arm-frosted/lib/libgloss.a(fstat.o)
 .data          0x00008f50        0x0 ../newlib/build/lib/arm-frosted/lib/libgloss.a(lseek.o)
 .data          0x00008f50        0x0 ../newlib/build/lib/arm-frosted/lib/libgloss.a(syscall.o)
 .data          0x00008f50        0x0 ../newlib/build/lib/arm-frosted/lib/libgloss.a(svc.o)
 .data          0x00008f50        0x0 ../newlib/build/lib/arm-frosted/lib/libc.a(lib_a-calloc.o)
 .data          0x00008f50        0x0 ../newlib/build/lib/arm-frosted/lib/libc.a(lib_a-callocr.o)
 .data          0x00008f50        0x0 ../newlib/build/lib/arm-frosted/lib/libc.a(lib_a-realloc.o)
 .data          0x00008f50        0x0 /opt/toolchains/gcc-arm/bin/../lib/gcc/arm-none-eabi/4.9.3/../../../../arm-none-eabi/lib/armv7-m/libg_nano.a(lib_a-sysgettod.o)
 .data          0x00008f50        0x0 /opt/toolchains/gcc-arm/bin/../lib/gcc/arm-none-eabi/4.9.3/../../../../arm-none-eabi/lib/armv7-m/libg_nano.a(lib_a-gettimeofdayr.o)
 *(.data1)
 *(.data.*)
 .data.rel.ro   0x00008f50      0x288 fresh.o
                0x00008f50                bin_table
 .data.rel.local
                0x000091d8        0x4 ../newlib/build/lib/arm-frosted/lib/libc.a(lib_a-environ.o)
                0x000091d8                environ
 .data.rel.ro.local
                0x000091dc        0x4 ../newlib/build/lib/arm-frosted/lib/libc.a(lib_a-impure.o)
                0x000091dc                _global_impure_ptr
 .data.rel.local
                0x000091e0      0x430 ../newlib/build/lib/arm-frosted/lib/libc.a(lib_a-impure.o)
                0x000091e0                _impure_ptr
 .data.rel.local
                0x00009610       0x38 ../newlib/build/lib/arm-frosted/lib/libc.a(lib_a-locale.o)
 .data.rel      0x00009648      0x408 ../newlib/build/lib/arm-frosted/lib/libc.a(lib_a-mallocr.o)
                0x00009648                __malloc_av_
 .data.rel      0x00009a50        0x4 ../newlib/build/lib/arm-frosted/lib/libc.a(lib_a-ctype_.o)
                0x00009a50                __ctype_ptr__
 .data.rel      0x00009a54        0x4 ../newlib/build/lib/arm-frosted/lib/libc.a(lib_a-wctomb_r.o)
                0x00009a54                __wctomb
 *(.gnu.linkonce.d*)
                0x00009a58                _ssrw = .
 *(.sdata)
 *(.sdata.*)
 *(.sbss)
 *(.gnu.linkonce.sb*)
                0x00009a58                _essrw = .
                0x00000000                _ssrw_size = (_essrw - _ssrw)
                0x00001af8                PROVIDE (_SDA_BASE_, (_ssrw + (_ssrw_size / 0x2)))
 *(.gnu.linkonce.s.*)
 *(__libc_atexit)
 *(__libc_subinit)
 *(__libc_subfreeres)
                0x00009a58                _ssro = .
 *(.sdata2)
                0x00009a58                _essro = .
                0x00000000                _ssro_size = (_essro - _ssro)
                0x00001af8                PROVIDE (_SDA2_BASE_, (_ssro + (_ssro_size / 0x2)))
                0x00009a58                . = ALIGN (0x4)
 *crtbegin*.o(.ctors)
 *(EXCLUDE_FILE(*crtend*.o) .ctors)
 *(SORT(.ctors.*))
 *(.ctors)
 *crtbegin*.o(.dtors)
 *(EXCLUDE_FILE(*crtend*.o) .dtors)
 *(SORT(.dtors.*))
 *(.dtors)
                0x00009a58                PROVIDE (__preinit_array_start, .)
 *(.preinit_array)
                0x00009a58                PROVIDE (__preinit_array_end, .)
                0x00009a58                PROVIDE (__init_array_start, .)
 *(SORT(.init_array.*))
 *(.init_array)
                0x00009a58                PROVIDE (__init_array_end, .)
                0x00009a58                PROVIDE (__fini_array_start, .)
 *(.fini_array)
 *(SORT(.fini_array.*))
                0x00009a58                PROVIDE (__fini_array_end, .)

.igot.plt       0x00009a58        0x0
 .igot.plt      0x00000000        0x0 init_bflt.o

.note.ABI-tag
 *(.note.ABI-tag)

.eh_frame_hdr
 *(.eh_frame_hdr)

.eh_frame
 *(.eh_frame)

.gcc_except_table
 *(.gcc_except_table)
 *(.gcc_except_table.*)
                0x00009a60                . = ALIGN (0x10)
                0x00009a60                _edata = .

.bss            0x00009a58      0x1b8
                0x00009a58                . = ALIGN (0x4)
                0x00009a58                _sbss = ALIGN (0x4)
                0x00009a58                __bss_start = .
 *(.dynsbss)
 *(.sbss)
 *(.sbss.*)
 *(.scommon)
 *(.dynbss)
 *(.bss)
 .bss           0x00009a58        0x0 init_bflt.o
 .bss           0x00009a58      0x154 fresh.o
                0x00009a7c                act_child
                0x00009a90                act_int
                0x00009aa4                no_reprint_prmpt
                0x00009aa8                pid
 .bss           0x00009bac        0x0 binutils.o
 .bss           0x00009bac        0x0 stubs.o
 .bss           0x00009bac        0x0 ../newlib/build/lib/arm-frosted/lib/libc.a(lib_a-atoi.o)
 .bss           0x00009bac        0x4 ../newlib/build/lib/arm-frosted/lib/libc.a(lib_a-environ.o)
 .bss           0x00009bb0        0x0 ../newlib/build/lib/arm-frosted/lib/libc.a(lib_a-exit.o)
 .bss           0x00009bb0        0x0 ../newlib/build/lib/arm-frosted/lib/libc.a(lib_a-fprintf.o)
 .bss           0x00009bb0        0x0 ../newlib/build/lib/arm-frosted/lib/libc.a(lib_a-getenv.o)
 .bss           0x00009bb0        0x0 ../newlib/build/lib/arm-frosted/lib/libc.a(lib_a-getenv_r.o)
 .bss           0x00009bb0        0xc ../newlib/build/lib/arm-frosted/lib/libc.a(lib_a-getopt.o)
                0x00009bb4                optind
                0x00009bb8                optarg
 .bss           0x00009bbc        0x0 ../newlib/build/lib/arm-frosted/lib/libc.a(lib_a-impure.o)
 .bss           0x00009bbc        0xc ../newlib/build/lib/arm-frosted/lib/libc.a(lib_a-locale.o)
                0x00009bbc                _PathLocale
                0x00009bc0                __mlocale_changed
                0x00009bc4                __nlocale_changed
 .bss           0x00009bc8        0x0 ../newlib/build/lib/arm-frosted/lib/libc.a(lib_a-malloc.o)
 .bss           0x00009bc8       0x34 ../newlib/build/lib/arm-frosted/lib/libc.a(lib_a-mallocr.o)
                0x00009bc8                __malloc_current_mallinfo
                0x00009bf0                __malloc_max_total_mem
                0x00009bf4                __malloc_max_sbrked_mem
                0x00009bf8                __malloc_top_pad
 .bss           0x00009bfc        0x0 ../newlib/build/lib/arm-frosted/lib/libc.a(lib_a-memcmp.o)
 .bss           0x00009bfc        0x0 ../newlib/build/lib/arm-frosted/lib/libc.a(lib_a-memcpy-stub.o)
 .bss           0x00009bfc        0x0 ../newlib/build/lib/arm-frosted/lib/libc.a(lib_a-memset.o)
 .bss           0x00009bfc        0x0 ../newlib/build/lib/arm-frosted/lib/libc.a(lib_a-mlock.o)
 .bss           0x00009bfc        0x0 ../newlib/build/lib/arm-frosted/lib/libc.a(lib_a-nano-vfprintf.o)
 .bss           0x00009bfc        0x0 ../newlib/build/lib/arm-frosted/lib/libc.a(lib_a-printf.o)
 .bss           0x00009bfc        0x0 ../newlib/build/lib/arm-frosted/lib/libc.a(lib_a-sbrkr.o)
 .bss           0x00009bfc        0x0 ../newlib/build/lib/arm-frosted/lib/libc.a(lib_a-setenv.o)
 .bss           0x00009bfc        0x4 ../newlib/build/lib/arm-frosted/lib/libc.a(lib_a-setenv_r.o)
 .bss           0x00009c00        0x0 ../newlib/build/lib/arm-frosted/lib/libc.a(lib_a-signal.o)
 .bss           0x00009c00        0x0 ../newlib/build/lib/arm-frosted/lib/libc.a(lib_a-signalr.o)
 .bss           0x00009c00        0x0 ../newlib/build/lib/arm-frosted/lib/libc.a(lib_a-snprintf.o)
 .bss           0x00009c00        0x0 ../newlib/build/lib/arm-frosted/lib/libc.a(lib_a-strchr.o)
 .bss           0x00009c00        0x0 ../newlib/build/lib/arm-frosted/lib/libc.a(lib_a-strcmp.o)
 .bss           0x00009c00        0x0 ../newlib/build/lib/arm-frosted/lib/libc.a(lib_a-strcpy.o)
 .bss           0x00009c00        0x0 ../newlib/build/lib/arm-frosted/lib/libc.a(lib_a-strlen.o)
 .bss           0x00009c00        0x0 ../newlib/build/lib/arm-frosted/lib/libc.a(lib_a-strncat.o)
 .bss           0x00009c00        0x0 ../newlib/build/lib/arm-frosted/lib/libc.a(lib_a-strncmp.o)
 .bss           0x00009c00        0x0 ../newlib/build/lib/arm-frosted/lib/libc.a(lib_a-strncpy.o)
 .bss           0x00009c00        0x0 ../newlib/build/lib/arm-frosted/lib/libc.a(lib_a-strtok.o)
 .bss           0x00009c00        0x0 ../newlib/build/lib/arm-frosted/lib/libc.a(lib_a-strtok_r.o)
 .bss           0x00009c00        0x0 ../newlib/build/lib/arm-frosted/lib/libc.a(lib_a-strtol.o)
 .bss           0x00009c00        0x0 ../newlib/build/lib/arm-frosted/lib/libc.a(lib_a-tolower.o)
 .bss           0x00009c00        0x0 ../newlib/build/lib/arm-frosted/lib/libc.a(lib_a-wbuf.o)
 .bss           0x00009c00        0x0 ../newlib/build/lib/arm-frosted/lib/libc.a(lib_a-wsetup.o)
 .bss           0x00009c00        0x0 ../newlib/build/lib/arm-frosted/lib/libc.a(lib_a-__call_atexit.o)
 .bss           0x00009c00        0x0 ../newlib/build/lib/arm-frosted/lib/libc.a(lib_a-ctype_.o)
 .bss           0x00009c00        0x0 ../newlib/build/lib/arm-frosted/lib/libc.a(lib_a-envlock.o)
 .bss           0x00009c00        0x0 ../newlib/build/lib/arm-frosted/lib/libc.a(lib_a-errno.o)
 .bss           0x00009c00        0x0 ../newlib/build/lib/arm-frosted/lib/libc.a(lib_a-fflush.o)
 .bss           0x00009c00        0x0 ../newlib/build/lib/arm-frosted/lib/libc.a(lib_a-findfp.o)
 .bss           0x00009c00        0x0 ../newlib/build/lib/arm-frosted/lib/libc.a(lib_a-fputc.o)
 .bss           0x00009c00        0x0 ../newlib/build/lib/arm-frosted/lib/libc.a(lib_a-fputs.o)
 .bss           0x00009c00        0x0 ../newlib/build/lib/arm-frosted/lib/libc.a(lib_a-fputwc.o)
 .bss           0x00009c00        0x0 ../newlib/build/lib/arm-frosted/lib/libc.a(lib_a-freer.o)
 .bss           0x00009c00        0x0 ../newlib/build/lib/arm-frosted/lib/libc.a(lib_a-fvwrite.o)
 .bss           0x00009c00        0x0 ../newlib/build/lib/arm-frosted/lib/libc.a(lib_a-fwalk.o)
 .bss           0x00009c00        0x0 ../newlib/build/lib/arm-frosted/lib/libc.a(lib_a-makebuf.o)
 .bss           0x00009c00        0x0 ../newlib/build/lib/arm-frosted/lib/libc.a(lib_a-memchr-stub.o)
 .bss           0x00009c00        0x0 ../newlib/build/lib/arm-frosted/lib/libc.a(lib_a-memmove.o)
 .bss           0x00009c00        0x0 ../newlib/build/lib/arm-frosted/lib/libc.a(lib_a-nano-svfprintf.o)
 .bss           0x00009c00        0x0 ../newlib/build/lib/arm-frosted/lib/libc.a(lib_a-nano-vfprintf_i.o)
 .bss           0x00009c00        0x0 ../newlib/build/lib/arm-frosted/lib/libc.a(lib_a-putc.o)
 .bss           0x00009c00        0x0 ../newlib/build/lib/arm-frosted/lib/libc.a(lib_a-reallocr.o)
 .bss           0x00009c00        0x4 ../newlib/build/lib/arm-frosted/lib/libc.a(lib_a-reent.o)
                0x00009c00                errno
 .bss           0x00009c04        0x0 ../newlib/build/lib/arm-frosted/lib/libc.a(lib_a-stdio.o)
 .bss           0x00009c04        0x0 ../newlib/build/lib/arm-frosted/lib/libc.a(lib_a-wcrtomb.o)
 .bss           0x00009c04        0x0 ../newlib/build/lib/arm-frosted/lib/libc.a(lib_a-wctomb_r.o)
 .bss           0x00009c04        0x0 ../newlib/build/lib/arm-frosted/lib/libc.a(lib_a-writer.o)
 .bss           0x00009c04        0x0 ../newlib/build/lib/arm-frosted/lib/libc.a(lib_a-closer.o)
 .bss           0x00009c04        0x0 ../newlib/build/lib/arm-frosted/lib/libc.a(lib_a-fclose.o)
 .bss           0x00009c04        0x0 ../newlib/build/lib/arm-frosted/lib/libc.a(lib_a-fstatr.o)
 .bss           0x00009c04        0x0 ../newlib/build/lib/arm-frosted/lib/libc.a(lib_a-isattyr.o)
 .bss           0x00009c04        0x0 ../newlib/build/lib/arm-frosted/lib/libc.a(lib_a-lseekr.o)
 .bss           0x00009c04        0x0 ../newlib/build/lib/arm-frosted/lib/libc.a(lib_a-readr.o)
 .bss           0x00009c04        0x0 ../newlib/build/lib/arm-frosted/lib/libgloss.a(chdir.o)
 .bss           0x00009c04        0x0 ../newlib/build/lib/arm-frosted/lib/libgloss.a(close.o)
 .bss           0x00009c04        0x0 ../newlib/build/lib/arm-frosted/lib/libgloss.a(closedir.o)
 .bss           0x00009c04        0x0 ../newlib/build/lib/arm-frosted/lib/libgloss.a(crt0.o)
 .bss           0x00009c04        0x0 ../newlib/build/lib/arm-frosted/lib/libgloss.a(dup2.o)
 .bss           0x00009c04        0x0 ../newlib/build/lib/arm-frosted/lib/libgloss.a(dup.o)
 .bss           0x00009c04        0x0 ../newlib/build/lib/arm-frosted/lib/libgloss.a(exec.o)
 .bss           0x00009c04        0x0 ../newlib/build/lib/arm-frosted/lib/libgloss.a(exit.o)
 .bss           0x00009c04        0x0 ../newlib/build/lib/arm-frosted/lib/libgloss.a(getcwd.o)
 .bss           0x00009c04        0x0 ../newlib/build/lib/arm-frosted/lib/libgloss.a(getpid.o)
 .bss           0x00009c04        0x0 ../newlib/build/lib/arm-frosted/lib/libgloss.a(getppid.o)
 .bss           0x00009c04        0x0 ../newlib/build/lib/arm-frosted/lib/libgloss.a(isatty.o)
 .bss           0x00009c04        0x0 ../newlib/build/lib/arm-frosted/lib/libgloss.a(kill.o)
 .bss           0x00009c04        0x0 ../newlib/build/lib/arm-frosted/lib/libgloss.a(link.o)
 .bss           0x00009c04        0x0 ../newlib/build/lib/arm-frosted/lib/libgloss.a(mkdir.o)
 .bss           0x00009c04        0x0 ../newlib/build/lib/arm-frosted/lib/libgloss.a(open.o)
 .bss           0x00009c04        0x0 ../newlib/build/lib/arm-frosted/lib/libgloss.a(opendir.o)
 .bss           0x00009c04        0x0 ../newlib/build/lib/arm-frosted/lib/libgloss.a(pipe.o)
 .bss           0x00009c04        0x0 ../newlib/build/lib/arm-frosted/lib/libgloss.a(read.o)
 .bss           0x00009c04        0x0 ../newlib/build/lib/arm-frosted/lib/libgloss.a(readdir.o)
 .bss           0x00009c04        0x0 ../newlib/build/lib/arm-frosted/lib/libgloss.a(sleep.o)
 .bss           0x00009c04        0x0 ../newlib/build/lib/arm-frosted/lib/libgloss.a(socket.o)
 .bss           0x00009c04        0x0 ../newlib/build/lib/arm-frosted/lib/libgloss.a(stat.o)
 .bss           0x00009c04        0x0 ../newlib/build/lib/arm-frosted/lib/libgloss.a(syscalls.o)
 .bss           0x00009c04        0x0 ../newlib/build/lib/arm-frosted/lib/libgloss.a(syscall_table.o)
 .bss           0x00009c04        0x0 ../newlib/build/lib/arm-frosted/lib/libgloss.a(tcgetattr.o)
 .bss           0x00009c04        0x0 ../newlib/build/lib/arm-frosted/lib/libgloss.a(unlink.o)
 .bss           0x00009c04        0x0 ../newlib/build/lib/arm-frosted/lib/libgloss.a(vfork.o)
 .bss           0x00009c04        0x0 ../newlib/build/lib/arm-frosted/lib/libgloss.a(wait.o)
 .bss           0x00009c04        0x0 ../newlib/build/lib/arm-frosted/lib/libgloss.a(waitpid.o)
 .bss           0x00009c04        0x0 ../newlib/build/lib/arm-frosted/lib/libgloss.a(write.o)
 .bss           0x00009c04        0x0 ../newlib/build/lib/arm-frosted/lib/libgloss.a(fork.o)
 .bss           0x00009c04        0x0 ../newlib/build/lib/arm-frosted/lib/libgloss.a(fstat.o)
 .bss           0x00009c04        0x0 ../newlib/build/lib/arm-frosted/lib/libgloss.a(lseek.o)
 .bss           0x00009c04        0x0 ../newlib/build/lib/arm-frosted/lib/libgloss.a(syscall.o)
 .bss           0x00009c04        0x0 ../newlib/build/lib/arm-frosted/lib/libgloss.a(svc.o)
 .bss           0x00009c04        0x0 ../newlib/build/lib/arm-frosted/lib/libc.a(lib_a-calloc.o)
 .bss           0x00009c04        0x0 ../newlib/build/lib/arm-frosted/lib/libc.a(lib_a-callocr.o)
 .bss           0x00009c04        0x0 ../newlib/build/lib/arm-frosted/lib/libc.a(lib_a-realloc.o)
 .bss           0x00009c04        0x0 /opt/toolchains/gcc-arm/bin/../lib/gcc/arm-none-eabi/4.9.3/../../../../arm-none-eabi/lib/armv7-m/libg_nano.a(lib_a-sysgettod.o)
 .bss           0x00009c04        0x0 /opt/toolchains/gcc-arm/bin/../lib/gcc/arm-none-eabi/4.9.3/../../../../arm-none-eabi/lib/armv7-m/libg_nano.a(lib_a-gettimeofdayr.o)
 *(.bss.*)
 *(.bss*)
 *(.gnu.linkonce.b*)
 *(COMMON)
                0x00009c10                . = ALIGN (0x10)
 *fill*         0x00009c04        0xc 
                0x00009c10                _ebss = .
                0x00009c10                _end = .
                0x00009c10                end = .

.stack          0x00009c10        0x0
                0x00009c10                . = ALIGN (0x4)
                0x00009c10                _stack_start = .

.junk           0x00000000        0x0
 *(.rel*)
 .rel.iplt      0x00000000        0x0 init_bflt.o
 .rel.got       0x00000000        0x0 init_bflt.o
 *(.rela*)

/DISCARD/
 *(.note.GNU-stack)

.stab
 *(.stab)

.stabstr
 *(.stabstr)

.stab.excl
 *(.stab.excl)

.stab.exclstr
 *(.stab.exclstr)

.stab.index
 *(.stab.index)

.stab.indexstr
 *(.stab.indexstr)

.comment        0x00000000       0x70
 *(.comment)
 .comment       0x00000000       0x70 init_bflt.o
                                 0x71 (size before relaxing)
 .comment       0x00000000       0x71 fresh.o
 .comment       0x00000000       0x71 binutils.o
 .comment       0x00000000       0x71 stubs.o
 .comment       0x00000000       0x71 ../newlib/build/lib/arm-frosted/lib/libc.a(lib_a-atoi.o)
 .comment       0x00000000       0x71 ../newlib/build/lib/arm-frosted/lib/libc.a(lib_a-environ.o)
 .comment       0x00000000       0x71 ../newlib/build/lib/arm-frosted/lib/libc.a(lib_a-exit.o)
 .comment       0x00000000       0x71 ../newlib/build/lib/arm-frosted/lib/libc.a(lib_a-fprintf.o)
 .comment       0x00000000       0x71 ../newlib/build/lib/arm-frosted/lib/libc.a(lib_a-getenv.o)
 .comment       0x00000000       0x71 ../newlib/build/lib/arm-frosted/lib/libc.a(lib_a-getenv_r.o)
 .comment       0x00000000       0x71 ../newlib/build/lib/arm-frosted/lib/libc.a(lib_a-getopt.o)
 .comment       0x00000000       0x71 ../newlib/build/lib/arm-frosted/lib/libc.a(lib_a-impure.o)
 .comment       0x00000000       0x71 ../newlib/build/lib/arm-frosted/lib/libc.a(lib_a-locale.o)
 .comment       0x00000000       0x71 ../newlib/build/lib/arm-frosted/lib/libc.a(lib_a-malloc.o)
 .comment       0x00000000       0x71 ../newlib/build/lib/arm-frosted/lib/libc.a(lib_a-mallocr.o)
 .comment       0x00000000       0x71 ../newlib/build/lib/arm-frosted/lib/libc.a(lib_a-memcmp.o)
 .comment       0x00000000       0x71 ../newlib/build/lib/arm-frosted/lib/libc.a(lib_a-memcpy-stub.o)
 .comment       0x00000000       0x71 ../newlib/build/lib/arm-frosted/lib/libc.a(lib_a-memset.o)
 .comment       0x00000000       0x71 ../newlib/build/lib/arm-frosted/lib/libc.a(lib_a-mlock.o)
 .comment       0x00000000       0x71 ../newlib/build/lib/arm-frosted/lib/libc.a(lib_a-nano-vfprintf.o)
 .comment       0x00000000       0x71 ../newlib/build/lib/arm-frosted/lib/libc.a(lib_a-printf.o)
 .comment       0x00000000       0x71 ../newlib/build/lib/arm-frosted/lib/libc.a(lib_a-sbrkr.o)
 .comment       0x00000000       0x71 ../newlib/build/lib/arm-frosted/lib/libc.a(lib_a-setenv.o)
 .comment       0x00000000       0x71 ../newlib/build/lib/arm-frosted/lib/libc.a(lib_a-setenv_r.o)
 .comment       0x00000000       0x71 ../newlib/build/lib/arm-frosted/lib/libc.a(lib_a-signal.o)
 .comment       0x00000000       0x71 ../newlib/build/lib/arm-frosted/lib/libc.a(lib_a-signalr.o)
 .comment       0x00000000       0x71 ../newlib/build/lib/arm-frosted/lib/libc.a(lib_a-snprintf.o)
 .comment       0x00000000       0x71 ../newlib/build/lib/arm-frosted/lib/libc.a(lib_a-strchr.o)
 .comment       0x00000000       0x71 ../newlib/build/lib/arm-frosted/lib/libc.a(lib_a-strcpy.o)
 .comment       0x00000000       0x71 ../newlib/build/lib/arm-frosted/lib/libc.a(lib_a-strncat.o)
 .comment       0x00000000       0x71 ../newlib/build/lib/arm-frosted/lib/libc.a(lib_a-strncmp.o)
 .comment       0x00000000       0x71 ../newlib/build/lib/arm-frosted/lib/libc.a(lib_a-strncpy.o)
 .comment       0x00000000       0x71 ../newlib/build/lib/arm-frosted/lib/libc.a(lib_a-strtok.o)
 .comment       0x00000000       0x71 ../newlib/build/lib/arm-frosted/lib/libc.a(lib_a-strtok_r.o)
 .comment       0x00000000       0x71 ../newlib/build/lib/arm-frosted/lib/libc.a(lib_a-strtol.o)
 .comment       0x00000000       0x71 ../newlib/build/lib/arm-frosted/lib/libc.a(lib_a-tolower.o)
 .comment       0x00000000       0x71 ../newlib/build/lib/arm-frosted/lib/libc.a(lib_a-wbuf.o)
 .comment       0x00000000       0x71 ../newlib/build/lib/arm-frosted/lib/libc.a(lib_a-wsetup.o)
 .comment       0x00000000       0x71 ../newlib/build/lib/arm-frosted/lib/libc.a(lib_a-__call_atexit.o)
 .comment       0x00000000       0x71 ../newlib/build/lib/arm-frosted/lib/libc.a(lib_a-ctype_.o)
 .comment       0x00000000       0x71 ../newlib/build/lib/arm-frosted/lib/libc.a(lib_a-envlock.o)
 .comment       0x00000000       0x71 ../newlib/build/lib/arm-frosted/lib/libc.a(lib_a-errno.o)
 .comment       0x00000000       0x71 ../newlib/build/lib/arm-frosted/lib/libc.a(lib_a-fflush.o)
 .comment       0x00000000       0x71 ../newlib/build/lib/arm-frosted/lib/libc.a(lib_a-findfp.o)
 .comment       0x00000000       0x71 ../newlib/build/lib/arm-frosted/lib/libc.a(lib_a-fputc.o)
 .comment       0x00000000       0x71 ../newlib/build/lib/arm-frosted/lib/libc.a(lib_a-fputs.o)
 .comment       0x00000000       0x71 ../newlib/build/lib/arm-frosted/lib/libc.a(lib_a-fputwc.o)
 .comment       0x00000000       0x71 ../newlib/build/lib/arm-frosted/lib/libc.a(lib_a-freer.o)
 .comment       0x00000000       0x71 ../newlib/build/lib/arm-frosted/lib/libc.a(lib_a-fvwrite.o)
 .comment       0x00000000       0x71 ../newlib/build/lib/arm-frosted/lib/libc.a(lib_a-fwalk.o)
 .comment       0x00000000       0x71 ../newlib/build/lib/arm-frosted/lib/libc.a(lib_a-makebuf.o)
 .comment       0x00000000       0x71 ../newlib/build/lib/arm-frosted/lib/libc.a(lib_a-memchr-stub.o)
 .comment       0x00000000       0x71 ../newlib/build/lib/arm-frosted/lib/libc.a(lib_a-memmove.o)
 .comment       0x00000000       0x71 ../newlib/build/lib/arm-frosted/lib/libc.a(lib_a-nano-svfprintf.o)
 .comment       0x00000000       0x71 ../newlib/build/lib/arm-frosted/lib/libc.a(lib_a-nano-vfprintf_i.o)
 .comment       0x00000000       0x71 ../newlib/build/lib/arm-frosted/lib/libc.a(lib_a-putc.o)
 .comment       0x00000000       0x71 ../newlib/build/lib/arm-frosted/lib/libc.a(lib_a-reallocr.o)
 .comment       0x00000000       0x71 ../newlib/build/lib/arm-frosted/lib/libc.a(lib_a-reent.o)
 .comment       0x00000000       0x71 ../newlib/build/lib/arm-frosted/lib/libc.a(lib_a-stdio.o)
 .comment       0x00000000       0x71 ../newlib/build/lib/arm-frosted/lib/libc.a(lib_a-wcrtomb.o)
 .comment       0x00000000       0x71 ../newlib/build/lib/arm-frosted/lib/libc.a(lib_a-wctomb_r.o)
 .comment       0x00000000       0x71 ../newlib/build/lib/arm-frosted/lib/libc.a(lib_a-writer.o)
 .comment       0x00000000       0x71 ../newlib/build/lib/arm-frosted/lib/libc.a(lib_a-closer.o)
 .comment       0x00000000       0x71 ../newlib/build/lib/arm-frosted/lib/libc.a(lib_a-fclose.o)
 .comment       0x00000000       0x71 ../newlib/build/lib/arm-frosted/lib/libc.a(lib_a-fstatr.o)
 .comment       0x00000000       0x71 ../newlib/build/lib/arm-frosted/lib/libc.a(lib_a-isattyr.o)
 .comment       0x00000000       0x71 ../newlib/build/lib/arm-frosted/lib/libc.a(lib_a-lseekr.o)
 .comment       0x00000000       0x71 ../newlib/build/lib/arm-frosted/lib/libc.a(lib_a-readr.o)
 .comment       0x00000000       0x71 ../newlib/build/lib/arm-frosted/lib/libgloss.a(chdir.o)
 .comment       0x00000000       0x71 ../newlib/build/lib/arm-frosted/lib/libgloss.a(close.o)
 .comment       0x00000000       0x71 ../newlib/build/lib/arm-frosted/lib/libgloss.a(closedir.o)
 .comment       0x00000000       0x71 ../newlib/build/lib/arm-frosted/lib/libgloss.a(crt0.o)
 .comment       0x00000000       0x71 ../newlib/build/lib/arm-frosted/lib/libgloss.a(dup2.o)
 .comment       0x00000000       0x71 ../newlib/build/lib/arm-frosted/lib/libgloss.a(dup.o)
 .comment       0x00000000       0x71 ../newlib/build/lib/arm-frosted/lib/libgloss.a(exec.o)
 .comment       0x00000000       0x71 ../newlib/build/lib/arm-frosted/lib/libgloss.a(exit.o)
 .comment       0x00000000       0x71 ../newlib/build/lib/arm-frosted/lib/libgloss.a(getcwd.o)
 .comment       0x00000000       0x71 ../newlib/build/lib/arm-frosted/lib/libgloss.a(getpid.o)
 .comment       0x00000000       0x71 ../newlib/build/lib/arm-frosted/lib/libgloss.a(getppid.o)
 .comment       0x00000000       0x71 ../newlib/build/lib/arm-frosted/lib/libgloss.a(isatty.o)
 .comment       0x00000000       0x71 ../newlib/build/lib/arm-frosted/lib/libgloss.a(kill.o)
 .comment       0x00000000       0x71 ../newlib/build/lib/arm-frosted/lib/libgloss.a(link.o)
 .comment       0x00000000       0x71 ../newlib/build/lib/arm-frosted/lib/libgloss.a(mkdir.o)
 .comment       0x00000000       0x71 ../newlib/build/lib/arm-frosted/lib/libgloss.a(open.o)
 .comment       0x00000000       0x71 ../newlib/build/lib/arm-frosted/lib/libgloss.a(opendir.o)
 .comment       0x00000000       0x71 ../newlib/build/lib/arm-frosted/lib/libgloss.a(pipe.o)
 .comment       0x00000000       0x71 ../newlib/build/lib/arm-frosted/lib/libgloss.a(read.o)
 .comment       0x00000000       0x71 ../newlib/build/lib/arm-frosted/lib/libgloss.a(readdir.o)
 .comment       0x00000000       0x71 ../newlib/build/lib/arm-frosted/lib/libgloss.a(sleep.o)
 .comment       0x00000000       0x71 ../newlib/build/lib/arm-frosted/lib/libgloss.a(socket.o)
 .comment       0x00000000       0x71 ../newlib/build/lib/arm-frosted/lib/libgloss.a(stat.o)
 .comment       0x00000000       0x71 ../newlib/build/lib/arm-frosted/lib/libgloss.a(syscalls.o)
 .comment       0x00000000       0x71 ../newlib/build/lib/arm-frosted/lib/libgloss.a(syscall_table.o)
 .comment       0x00000000       0x71 ../newlib/build/lib/arm-frosted/lib/libgloss.a(tcgetattr.o)
 .comment       0x00000000       0x71 ../newlib/build/lib/arm-frosted/lib/libgloss.a(unlink.o)
 .comment       0x00000000       0x71 ../newlib/build/lib/arm-frosted/lib/libgloss.a(vfork.o)
 .comment       0x00000000       0x71 ../newlib/build/lib/arm-frosted/lib/libgloss.a(wait.o)
 .comment       0x00000000       0x71 ../newlib/build/lib/arm-frosted/lib/libgloss.a(waitpid.o)
 .comment       0x00000000       0x71 ../newlib/build/lib/arm-frosted/lib/libgloss.a(write.o)
 .comment       0x00000000       0x71 ../newlib/build/lib/arm-frosted/lib/libgloss.a(fork.o)
 .comment       0x00000000       0x71 ../newlib/build/lib/arm-frosted/lib/libgloss.a(fstat.o)
 .comment       0x00000000       0x71 ../newlib/build/lib/arm-frosted/lib/libgloss.a(lseek.o)
 .comment       0x00000000       0x71 ../newlib/build/lib/arm-frosted/lib/libgloss.a(syscall.o)
 .comment       0x00000000       0x71 ../newlib/build/lib/arm-frosted/lib/libc.a(lib_a-calloc.o)
 .comment       0x00000000       0x71 ../newlib/build/lib/arm-frosted/lib/libc.a(lib_a-callocr.o)
 .comment       0x00000000       0x71 ../newlib/build/lib/arm-frosted/lib/libc.a(lib_a-realloc.o)

.ARM.attributes
                0x00000000       0x31
 .ARM.attributes
                0x00000000       0x33 init_bflt.o
 .ARM.attributes
                0x00000033       0x33 fresh.o
 .ARM.attributes
                0x00000066       0x33 binutils.o
 .ARM.attributes
                0x00000099       0x33 stubs.o
 .ARM.attributes
                0x000000cc       0x33 ../newlib/build/lib/arm-frosted/lib/libc.a(lib_a-atoi.o)
 .ARM.attributes
                0x000000ff       0x33 ../newlib/build/lib/arm-frosted/lib/libc.a(lib_a-environ.o)
 .ARM.attributes
                0x00000132       0x33 ../newlib/build/lib/arm-frosted/lib/libc.a(lib_a-exit.o)
 .ARM.attributes
                0x00000165       0x33 ../newlib/build/lib/arm-frosted/lib/libc.a(lib_a-fprintf.o)
 .ARM.attributes
                0x00000198       0x33 ../newlib/build/lib/arm-frosted/lib/libc.a(lib_a-getenv.o)
 .ARM.attributes
                0x000001cb       0x33 ../newlib/build/lib/arm-frosted/lib/libc.a(lib_a-getenv_r.o)
 .ARM.attributes
                0x000001fe       0x33 ../newlib/build/lib/arm-frosted/lib/libc.a(lib_a-getopt.o)
 .ARM.attributes
                0x00000231       0x33 ../newlib/build/lib/arm-frosted/lib/libc.a(lib_a-impure.o)
 .ARM.attributes
                0x00000264       0x33 ../newlib/build/lib/arm-frosted/lib/libc.a(lib_a-locale.o)
 .ARM.attributes
                0x00000297       0x33 ../newlib/build/lib/arm-frosted/lib/libc.a(lib_a-malloc.o)
 .ARM.attributes
                0x000002ca       0x33 ../newlib/build/lib/arm-frosted/lib/libc.a(lib_a-mallocr.o)
 .ARM.attributes
                0x000002fd       0x33 ../newlib/build/lib/arm-frosted/lib/libc.a(lib_a-memcmp.o)
 .ARM.attributes
                0x00000330       0x33 ../newlib/build/lib/arm-frosted/lib/libc.a(lib_a-memcpy-stub.o)
 .ARM.attributes
                0x00000363       0x33 ../newlib/build/lib/arm-frosted/lib/libc.a(lib_a-memset.o)
 .ARM.attributes
                0x00000396       0x33 ../newlib/build/lib/arm-frosted/lib/libc.a(lib_a-mlock.o)
 .ARM.attributes
                0x000003c9       0x33 ../newlib/build/lib/arm-frosted/lib/libc.a(lib_a-nano-vfprintf.o)
 .ARM.attributes
                0x000003fc       0x33 ../newlib/build/lib/arm-frosted/lib/libc.a(lib_a-printf.o)
 .ARM.attributes
                0x0000042f       0x33 ../newlib/build/lib/arm-frosted/lib/libc.a(lib_a-sbrkr.o)
 .ARM.attributes
                0x00000462       0x33 ../newlib/build/lib/arm-frosted/lib/libc.a(lib_a-setenv.o)
 .ARM.attributes
                0x00000495       0x33 ../newlib/build/lib/arm-frosted/lib/libc.a(lib_a-setenv_r.o)
 .ARM.attributes
                0x000004c8       0x33 ../newlib/build/lib/arm-frosted/lib/libc.a(lib_a-signal.o)
 .ARM.attributes
                0x000004fb       0x33 ../newlib/build/lib/arm-frosted/lib/libc.a(lib_a-signalr.o)
 .ARM.attributes
                0x0000052e       0x33 ../newlib/build/lib/arm-frosted/lib/libc.a(lib_a-snprintf.o)
 .ARM.attributes
                0x00000561       0x33 ../newlib/build/lib/arm-frosted/lib/libc.a(lib_a-strchr.o)
 .ARM.attributes
                0x00000594       0x21 ../newlib/build/lib/arm-frosted/lib/libc.a(lib_a-strcmp.o)
 .ARM.attributes
                0x000005b5       0x33 ../newlib/build/lib/arm-frosted/lib/libc.a(lib_a-strcpy.o)
 .ARM.attributes
                0x000005e8       0x17 ../newlib/build/lib/arm-frosted/lib/libc.a(lib_a-strlen.o)
 .ARM.attributes
                0x000005ff       0x33 ../newlib/build/lib/arm-frosted/lib/libc.a(lib_a-strncat.o)
 .ARM.attributes
                0x00000632       0x33 ../newlib/build/lib/arm-frosted/lib/libc.a(lib_a-strncmp.o)
 .ARM.attributes
                0x00000665       0x33 ../newlib/build/lib/arm-frosted/lib/libc.a(lib_a-strncpy.o)
 .ARM.attributes
                0x00000698       0x33 ../newlib/build/lib/arm-frosted/lib/libc.a(lib_a-strtok.o)
 .ARM.attributes
                0x000006cb       0x33 ../newlib/build/lib/arm-frosted/lib/libc.a(lib_a-strtok_r.o)
 .ARM.attributes
                0x000006fe       0x33 ../newlib/build/lib/arm-frosted/lib/libc.a(lib_a-strtol.o)
 .ARM.attributes
                0x00000731       0x33 ../newlib/build/lib/arm-frosted/lib/libc.a(lib_a-tolower.o)
 .ARM.attributes
                0x00000764       0x33 ../newlib/build/lib/arm-frosted/lib/libc.a(lib_a-wbuf.o)
 .ARM.attributes
                0x00000797       0x33 ../newlib/build/lib/arm-frosted/lib/libc.a(lib_a-wsetup.o)
 .ARM.attributes
                0x000007ca       0x33 ../newlib/build/lib/arm-frosted/lib/libc.a(lib_a-__call_atexit.o)
 .ARM.attributes
                0x000007fd       0x33 ../newlib/build/lib/arm-frosted/lib/libc.a(lib_a-ctype_.o)
 .ARM.attributes
                0x00000830       0x33 ../newlib/build/lib/arm-frosted/lib/libc.a(lib_a-envlock.o)
 .ARM.attributes
                0x00000863       0x33 ../newlib/build/lib/arm-frosted/lib/libc.a(lib_a-errno.o)
 .ARM.attributes
                0x00000896       0x33 ../newlib/build/lib/arm-frosted/lib/libc.a(lib_a-fflush.o)
 .ARM.attributes
                0x000008c9       0x33 ../newlib/build/lib/arm-frosted/lib/libc.a(lib_a-findfp.o)
 .ARM.attributes
                0x000008fc       0x33 ../newlib/build/lib/arm-frosted/lib/libc.a(lib_a-fputc.o)
 .ARM.attributes
                0x0000092f       0x33 ../newlib/build/lib/arm-frosted/lib/libc.a(lib_a-fputs.o)
 .ARM.attributes
                0x00000962       0x33 ../newlib/build/lib/arm-frosted/lib/libc.a(lib_a-fputwc.o)
 .ARM.attributes
                0x00000995       0x33 ../newlib/build/lib/arm-frosted/lib/libc.a(lib_a-freer.o)
 .ARM.attributes
                0x000009c8       0x33 ../newlib/build/lib/arm-frosted/lib/libc.a(lib_a-fvwrite.o)
 .ARM.attributes
                0x000009fb       0x33 ../newlib/build/lib/arm-frosted/lib/libc.a(lib_a-fwalk.o)
 .ARM.attributes
                0x00000a2e       0x33 ../newlib/build/lib/arm-frosted/lib/libc.a(lib_a-makebuf.o)
 .ARM.attributes
                0x00000a61       0x33 ../newlib/build/lib/arm-frosted/lib/libc.a(lib_a-memchr-stub.o)
 .ARM.attributes
                0x00000a94       0x33 ../newlib/build/lib/arm-frosted/lib/libc.a(lib_a-memmove.o)
 .ARM.attributes
                0x00000ac7       0x33 ../newlib/build/lib/arm-frosted/lib/libc.a(lib_a-nano-svfprintf.o)
 .ARM.attributes
                0x00000afa       0x33 ../newlib/build/lib/arm-frosted/lib/libc.a(lib_a-nano-vfprintf_i.o)
 .ARM.attributes
                0x00000b2d       0x33 ../newlib/build/lib/arm-frosted/lib/libc.a(lib_a-putc.o)
 .ARM.attributes
                0x00000b60       0x33 ../newlib/build/lib/arm-frosted/lib/libc.a(lib_a-reallocr.o)
 .ARM.attributes
                0x00000b93       0x33 ../newlib/build/lib/arm-frosted/lib/libc.a(lib_a-reent.o)
 .ARM.attributes
                0x00000bc6       0x33 ../newlib/build/lib/arm-frosted/lib/libc.a(lib_a-stdio.o)
 .ARM.attributes
                0x00000bf9       0x33 ../newlib/build/lib/arm-frosted/lib/libc.a(lib_a-wcrtomb.o)
 .ARM.attributes
                0x00000c2c       0x33 ../newlib/build/lib/arm-frosted/lib/libc.a(lib_a-wctomb_r.o)
 .ARM.attributes
                0x00000c5f       0x33 ../newlib/build/lib/arm-frosted/lib/libc.a(lib_a-writer.o)
 .ARM.attributes
                0x00000c92       0x33 ../newlib/build/lib/arm-frosted/lib/libc.a(lib_a-closer.o)
 .ARM.attributes
                0x00000cc5       0x33 ../newlib/build/lib/arm-frosted/lib/libc.a(lib_a-fclose.o)
 .ARM.attributes
                0x00000cf8       0x33 ../newlib/build/lib/arm-frosted/lib/libc.a(lib_a-fstatr.o)
 .ARM.attributes
                0x00000d2b       0x33 ../newlib/build/lib/arm-frosted/lib/libc.a(lib_a-isattyr.o)
 .ARM.attributes
                0x00000d5e       0x33 ../newlib/build/lib/arm-frosted/lib/libc.a(lib_a-lseekr.o)
 .ARM.attributes
                0x00000d91       0x33 ../newlib/build/lib/arm-frosted/lib/libc.a(lib_a-readr.o)
 .ARM.attributes
                0x00000dc4       0x33 ../newlib/build/lib/arm-frosted/lib/libgloss.a(chdir.o)
 .ARM.attributes
                0x00000df7       0x33 ../newlib/build/lib/arm-frosted/lib/libgloss.a(close.o)
 .ARM.attributes
                0x00000e2a       0x33 ../newlib/build/lib/arm-frosted/lib/libgloss.a(closedir.o)
 .ARM.attributes
                0x00000e5d       0x33 ../newlib/build/lib/arm-frosted/lib/libgloss.a(crt0.o)
 .ARM.attributes
                0x00000e90       0x33 ../newlib/build/lib/arm-frosted/lib/libgloss.a(dup2.o)
 .ARM.attributes
                0x00000ec3       0x33 ../newlib/build/lib/arm-frosted/lib/libgloss.a(dup.o)
 .ARM.attributes
                0x00000ef6       0x33 ../newlib/build/lib/arm-frosted/lib/libgloss.a(exec.o)
 .ARM.attributes
                0x00000f29       0x33 ../newlib/build/lib/arm-frosted/lib/libgloss.a(exit.o)
 .ARM.attributes
                0x00000f5c       0x33 ../newlib/build/lib/arm-frosted/lib/libgloss.a(getcwd.o)
 .ARM.attributes
                0x00000f8f       0x33 ../newlib/build/lib/arm-frosted/lib/libgloss.a(getpid.o)
 .ARM.attributes
                0x00000fc2       0x33 ../newlib/build/lib/arm-frosted/lib/libgloss.a(getppid.o)
 .ARM.attributes
                0x00000ff5       0x33 ../newlib/build/lib/arm-frosted/lib/libgloss.a(isatty.o)
 .ARM.attributes
                0x00001028       0x33 ../newlib/build/lib/arm-frosted/lib/libgloss.a(kill.o)
 .ARM.attributes
                0x0000105b       0x33 ../newlib/build/lib/arm-frosted/lib/libgloss.a(link.o)
 .ARM.attributes
                0x0000108e       0x33 ../newlib/build/lib/arm-frosted/lib/libgloss.a(mkdir.o)
 .ARM.attributes
                0x000010c1       0x33 ../newlib/build/lib/arm-frosted/lib/libgloss.a(open.o)
 .ARM.attributes
                0x000010f4       0x33 ../newlib/build/lib/arm-frosted/lib/libgloss.a(opendir.o)
 .ARM.attributes
                0x00001127       0x33 ../newlib/build/lib/arm-frosted/lib/libgloss.a(pipe.o)
 .ARM.attributes
                0x0000115a       0x33 ../newlib/build/lib/arm-frosted/lib/libgloss.a(read.o)
 .ARM.attributes
                0x0000118d       0x33 ../newlib/build/lib/arm-frosted/lib/libgloss.a(readdir.o)
 .ARM.attributes
                0x000011c0       0x33 ../newlib/build/lib/arm-frosted/lib/libgloss.a(sleep.o)
 .ARM.attributes
                0x000011f3       0x33 ../newlib/build/lib/arm-frosted/lib/libgloss.a(socket.o)
 .ARM.attributes
                0x00001226       0x33 ../newlib/build/lib/arm-frosted/lib/libgloss.a(stat.o)
 .ARM.attributes
                0x00001259       0x33 ../newlib/build/lib/arm-frosted/lib/libgloss.a(syscalls.o)
 .ARM.attributes
                0x0000128c       0x33 ../newlib/build/lib/arm-frosted/lib/libgloss.a(syscall_table.o)
 .ARM.attributes
                0x000012bf       0x33 ../newlib/build/lib/arm-frosted/lib/libgloss.a(tcgetattr.o)
 .ARM.attributes
                0x000012f2       0x33 ../newlib/build/lib/arm-frosted/lib/libgloss.a(unlink.o)
 .ARM.attributes
                0x00001325       0x33 ../newlib/build/lib/arm-frosted/lib/libgloss.a(vfork.o)
 .ARM.attributes
                0x00001358       0x33 ../newlib/build/lib/arm-frosted/lib/libgloss.a(wait.o)
 .ARM.attributes
                0x0000138b       0x33 ../newlib/build/lib/arm-frosted/lib/libgloss.a(waitpid.o)
 .ARM.attributes
                0x000013be       0x33 ../newlib/build/lib/arm-frosted/lib/libgloss.a(write.o)
 .ARM.attributes
                0x000013f1       0x33 ../newlib/build/lib/arm-frosted/lib/libgloss.a(fork.o)
 .ARM.attributes
                0x00001424       0x33 ../newlib/build/lib/arm-frosted/lib/libgloss.a(fstat.o)
 .ARM.attributes
                0x00001457       0x33 ../newlib/build/lib/arm-frosted/lib/libgloss.a(lseek.o)
 .ARM.attributes
                0x0000148a       0x33 ../newlib/build/lib/arm-frosted/lib/libgloss.a(syscall.o)
 .ARM.attributes
                0x000014bd       0x16 ../newlib/build/lib/arm-frosted/lib/libgloss.a(svc.o)
 .ARM.attributes
                0x000014d3       0x33 ../newlib/build/lib/arm-frosted/lib/libc.a(lib_a-calloc.o)
 .ARM.attributes
                0x00001506       0x33 ../newlib/build/lib/arm-frosted/lib/libc.a(lib_a-callocr.o)
 .ARM.attributes
                0x00001539       0x33 ../newlib/build/lib/arm-frosted/lib/libc.a(lib_a-realloc.o)
 .ARM.attributes
                0x0000156c       0x2d /opt/toolchains/gcc-arm/bin/../lib/gcc/arm-none-eabi/4.9.3/../../../../arm-none-eabi/lib/armv7-m/libg_nano.a(lib_a-sysgettod.o)
 .ARM.attributes
                0x00001599       0x2d /opt/toolchains/gcc-arm/bin/../lib/gcc/arm-none-eabi/4.9.3/../../../../arm-none-eabi/lib/armv7-m/libg_nano.a(lib_a-gettimeofdayr.o)

.debug
 *(.debug)

.line
 *(.line)

.debug_srcinfo
 *(.debug_srcinfo)

.debug_sfnames
 *(.debug_sfnames)

.debug_aranges  0x00000000      0xec0
 *(.debug_aranges)
 .debug_aranges
                0x00000000       0x30 init_bflt.o
 .debug_aranges
                0x00000030       0x98 fresh.o
 .debug_aranges
                0x000000c8       0xd8 binutils.o
 .debug_aranges
                0x000001a0       0x38 stubs.o
 .debug_aranges
                0x000001d8       0x20 ../newlib/build/lib/arm-frosted/lib/libc.a(lib_a-atoi.o)
 .debug_aranges
                0x000001f8       0x18 ../newlib/build/lib/arm-frosted/lib/libc.a(lib_a-environ.o)
 .debug_aranges
                0x00000210       0x20 ../newlib/build/lib/arm-frosted/lib/libc.a(lib_a-exit.o)
 .debug_aranges
                0x00000230       0x20 ../newlib/build/lib/arm-frosted/lib/libc.a(lib_a-fprintf.o)
 .debug_aranges
                0x00000250       0x20 ../newlib/build/lib/arm-frosted/lib/libc.a(lib_a-getenv.o)
 .debug_aranges
                0x00000270       0x20 ../newlib/build/lib/arm-frosted/lib/libc.a(lib_a-getenv_r.o)
 .debug_aranges
                0x00000290       0x20 ../newlib/build/lib/arm-frosted/lib/libc.a(lib_a-getopt.o)
 .debug_aranges
                0x000002b0       0x18 ../newlib/build/lib/arm-frosted/lib/libc.a(lib_a-impure.o)
 .debug_aranges
                0x000002c8       0x20 ../newlib/build/lib/arm-frosted/lib/libc.a(lib_a-locale.o)
 .debug_aranges
                0x000002e8       0x20 ../newlib/build/lib/arm-frosted/lib/libc.a(lib_a-malloc.o)
 .debug_aranges
                0x00000308       0x20 ../newlib/build/lib/arm-frosted/lib/libc.a(lib_a-mallocr.o)
 .debug_aranges
                0x00000328       0x20 ../newlib/build/lib/arm-frosted/lib/libc.a(lib_a-memcmp.o)
 .debug_aranges
                0x00000348       0x20 ../newlib/build/lib/arm-frosted/lib/libc.a(lib_a-memcpy-stub.o)
 .debug_aranges
                0x00000368       0x20 ../newlib/build/lib/arm-frosted/lib/libc.a(lib_a-memset.o)
 .debug_aranges
                0x00000388       0x20 ../newlib/build/lib/arm-frosted/lib/libc.a(lib_a-mlock.o)
 .debug_aranges
                0x000003a8       0x20 ../newlib/build/lib/arm-frosted/lib/libc.a(lib_a-nano-vfprintf.o)
 .debug_aranges
                0x000003c8       0x20 ../newlib/build/lib/arm-frosted/lib/libc.a(lib_a-printf.o)
 .debug_aranges
                0x000003e8       0x20 ../newlib/build/lib/arm-frosted/lib/libc.a(lib_a-sbrkr.o)
 .debug_aranges
                0x00000408       0x20 ../newlib/build/lib/arm-frosted/lib/libc.a(lib_a-setenv.o)
 .debug_aranges
                0x00000428       0x20 ../newlib/build/lib/arm-frosted/lib/libc.a(lib_a-setenv_r.o)
 .debug_aranges
                0x00000448       0x20 ../newlib/build/lib/arm-frosted/lib/libc.a(lib_a-signal.o)
 .debug_aranges
                0x00000468       0x20 ../newlib/build/lib/arm-frosted/lib/libc.a(lib_a-signalr.o)
 .debug_aranges
                0x00000488       0x20 ../newlib/build/lib/arm-frosted/lib/libc.a(lib_a-snprintf.o)
 .debug_aranges
                0x000004a8       0x20 ../newlib/build/lib/arm-frosted/lib/libc.a(lib_a-strchr.o)
 .debug_aranges
                0x000004c8       0x20 ../newlib/build/lib/arm-frosted/lib/libc.a(lib_a-strcmp.o)
 .debug_aranges
                0x000004e8       0x20 ../newlib/build/lib/arm-frosted/lib/libc.a(lib_a-strcpy.o)
 .debug_aranges
                0x00000508       0x20 ../newlib/build/lib/arm-frosted/lib/libc.a(lib_a-strlen.o)
 .debug_aranges
                0x00000528       0x20 ../newlib/build/lib/arm-frosted/lib/libc.a(lib_a-strncat.o)
 .debug_aranges
                0x00000548       0x20 ../newlib/build/lib/arm-frosted/lib/libc.a(lib_a-strncmp.o)
 .debug_aranges
                0x00000568       0x20 ../newlib/build/lib/arm-frosted/lib/libc.a(lib_a-strncpy.o)
 .debug_aranges
                0x00000588       0x20 ../newlib/build/lib/arm-frosted/lib/libc.a(lib_a-strtok.o)
 .debug_aranges
                0x000005a8       0x20 ../newlib/build/lib/arm-frosted/lib/libc.a(lib_a-strtok_r.o)
 .debug_aranges
                0x000005c8       0x20 ../newlib/build/lib/arm-frosted/lib/libc.a(lib_a-strtol.o)
 .debug_aranges
                0x000005e8       0x20 ../newlib/build/lib/arm-frosted/lib/libc.a(lib_a-tolower.o)
 .debug_aranges
                0x00000608       0x20 ../newlib/build/lib/arm-frosted/lib/libc.a(lib_a-wbuf.o)
 .debug_aranges
                0x00000628       0x20 ../newlib/build/lib/arm-frosted/lib/libc.a(lib_a-wsetup.o)
 .debug_aranges
                0x00000648       0x20 ../newlib/build/lib/arm-frosted/lib/libc.a(lib_a-__call_atexit.o)
 .debug_aranges
                0x00000668       0x18 ../newlib/build/lib/arm-frosted/lib/libc.a(lib_a-ctype_.o)
 .debug_aranges
                0x00000680       0x20 ../newlib/build/lib/arm-frosted/lib/libc.a(lib_a-envlock.o)
 .debug_aranges
                0x000006a0       0x20 ../newlib/build/lib/arm-frosted/lib/libc.a(lib_a-errno.o)
 .debug_aranges
                0x000006c0       0x20 ../newlib/build/lib/arm-frosted/lib/libc.a(lib_a-fflush.o)
 .debug_aranges
                0x000006e0       0x20 ../newlib/build/lib/arm-frosted/lib/libc.a(lib_a-findfp.o)
 .debug_aranges
                0x00000700       0x20 ../newlib/build/lib/arm-frosted/lib/libc.a(lib_a-fputc.o)
 .debug_aranges
                0x00000720       0x20 ../newlib/build/lib/arm-frosted/lib/libc.a(lib_a-fputs.o)
 .debug_aranges
                0x00000740       0x20 ../newlib/build/lib/arm-frosted/lib/libc.a(lib_a-fputwc.o)
 .debug_aranges
                0x00000760       0x20 ../newlib/build/lib/arm-frosted/lib/libc.a(lib_a-freer.o)
 .debug_aranges
                0x00000780       0x20 ../newlib/build/lib/arm-frosted/lib/libc.a(lib_a-fvwrite.o)
 .debug_aranges
                0x000007a0       0x20 ../newlib/build/lib/arm-frosted/lib/libc.a(lib_a-fwalk.o)
 .debug_aranges
                0x000007c0       0x20 ../newlib/build/lib/arm-frosted/lib/libc.a(lib_a-makebuf.o)
 .debug_aranges
                0x000007e0       0x20 ../newlib/build/lib/arm-frosted/lib/libc.a(lib_a-memchr-stub.o)
 .debug_aranges
                0x00000800       0x20 ../newlib/build/lib/arm-frosted/lib/libc.a(lib_a-memmove.o)
 .debug_aranges
                0x00000820       0x20 ../newlib/build/lib/arm-frosted/lib/libc.a(lib_a-nano-svfprintf.o)
 .debug_aranges
                0x00000840       0x20 ../newlib/build/lib/arm-frosted/lib/libc.a(lib_a-nano-vfprintf_i.o)
 .debug_aranges
                0x00000860       0x20 ../newlib/build/lib/arm-frosted/lib/libc.a(lib_a-putc.o)
 .debug_aranges
                0x00000880       0x20 ../newlib/build/lib/arm-frosted/lib/libc.a(lib_a-reallocr.o)
 .debug_aranges
                0x000008a0       0x20 ../newlib/build/lib/arm-frosted/lib/libc.a(lib_a-reent.o)
 .debug_aranges
                0x000008c0       0x20 ../newlib/build/lib/arm-frosted/lib/libc.a(lib_a-stdio.o)
 .debug_aranges
                0x000008e0       0x20 ../newlib/build/lib/arm-frosted/lib/libc.a(lib_a-wcrtomb.o)
 .debug_aranges
                0x00000900       0x20 ../newlib/build/lib/arm-frosted/lib/libc.a(lib_a-wctomb_r.o)
 .debug_aranges
                0x00000920       0x20 ../newlib/build/lib/arm-frosted/lib/libc.a(lib_a-writer.o)
 .debug_aranges
                0x00000940       0x20 ../newlib/build/lib/arm-frosted/lib/libc.a(lib_a-closer.o)
 .debug_aranges
                0x00000960       0x20 ../newlib/build/lib/arm-frosted/lib/libc.a(lib_a-fclose.o)
 .debug_aranges
                0x00000980       0x20 ../newlib/build/lib/arm-frosted/lib/libc.a(lib_a-fstatr.o)
 .debug_aranges
                0x000009a0       0x20 ../newlib/build/lib/arm-frosted/lib/libc.a(lib_a-isattyr.o)
 .debug_aranges
                0x000009c0       0x20 ../newlib/build/lib/arm-frosted/lib/libc.a(lib_a-lseekr.o)
 .debug_aranges
                0x000009e0       0x20 ../newlib/build/lib/arm-frosted/lib/libc.a(lib_a-readr.o)
 .debug_aranges
                0x00000a00       0x20 ../newlib/build/lib/arm-frosted/lib/libgloss.a(chdir.o)
 .debug_aranges
                0x00000a20       0x20 ../newlib/build/lib/arm-frosted/lib/libgloss.a(close.o)
 .debug_aranges
                0x00000a40       0x20 ../newlib/build/lib/arm-frosted/lib/libgloss.a(closedir.o)
 .debug_aranges
                0x00000a60       0x20 ../newlib/build/lib/arm-frosted/lib/libgloss.a(crt0.o)
 .debug_aranges
                0x00000a80       0x20 ../newlib/build/lib/arm-frosted/lib/libgloss.a(dup2.o)
 .debug_aranges
                0x00000aa0       0x20 ../newlib/build/lib/arm-frosted/lib/libgloss.a(dup.o)
 .debug_aranges
                0x00000ac0       0x20 ../newlib/build/lib/arm-frosted/lib/libgloss.a(exec.o)
 .debug_aranges
                0x00000ae0       0x20 ../newlib/build/lib/arm-frosted/lib/libgloss.a(exit.o)
 .debug_aranges
                0x00000b00       0x20 ../newlib/build/lib/arm-frosted/lib/libgloss.a(getcwd.o)
 .debug_aranges
                0x00000b20       0x20 ../newlib/build/lib/arm-frosted/lib/libgloss.a(getpid.o)
 .debug_aranges
                0x00000b40       0x20 ../newlib/build/lib/arm-frosted/lib/libgloss.a(getppid.o)
 .debug_aranges
                0x00000b60       0x20 ../newlib/build/lib/arm-frosted/lib/libgloss.a(isatty.o)
 .debug_aranges
                0x00000b80       0x20 ../newlib/build/lib/arm-frosted/lib/libgloss.a(kill.o)
 .debug_aranges
                0x00000ba0       0x20 ../newlib/build/lib/arm-frosted/lib/libgloss.a(link.o)
 .debug_aranges
                0x00000bc0       0x20 ../newlib/build/lib/arm-frosted/lib/libgloss.a(mkdir.o)
 .debug_aranges
                0x00000be0       0x20 ../newlib/build/lib/arm-frosted/lib/libgloss.a(open.o)
 .debug_aranges
                0x00000c00       0x20 ../newlib/build/lib/arm-frosted/lib/libgloss.a(opendir.o)
 .debug_aranges
                0x00000c20       0x20 ../newlib/build/lib/arm-frosted/lib/libgloss.a(pipe.o)
 .debug_aranges
                0x00000c40       0x20 ../newlib/build/lib/arm-frosted/lib/libgloss.a(read.o)
 .debug_aranges
                0x00000c60       0x20 ../newlib/build/lib/arm-frosted/lib/libgloss.a(readdir.o)
 .debug_aranges
                0x00000c80       0x20 ../newlib/build/lib/arm-frosted/lib/libgloss.a(sleep.o)
 .debug_aranges
                0x00000ca0       0x20 ../newlib/build/lib/arm-frosted/lib/libgloss.a(socket.o)
 .debug_aranges
                0x00000cc0       0x20 ../newlib/build/lib/arm-frosted/lib/libgloss.a(stat.o)
 .debug_aranges
                0x00000ce0       0x20 ../newlib/build/lib/arm-frosted/lib/libgloss.a(syscalls.o)
 .debug_aranges
                0x00000d00       0x20 ../newlib/build/lib/arm-frosted/lib/libgloss.a(syscall_table.o)
 .debug_aranges
                0x00000d20       0x20 ../newlib/build/lib/arm-frosted/lib/libgloss.a(tcgetattr.o)
 .debug_aranges
                0x00000d40       0x20 ../newlib/build/lib/arm-frosted/lib/libgloss.a(unlink.o)
 .debug_aranges
                0x00000d60       0x20 ../newlib/build/lib/arm-frosted/lib/libgloss.a(vfork.o)
 .debug_aranges
                0x00000d80       0x20 ../newlib/build/lib/arm-frosted/lib/libgloss.a(wait.o)
 .debug_aranges